Component: ARM Compiler 5.06 update 6 (build 750) Tool: armlink [4d35ed]

==============================================================================

Section Cross References

    main.o(i.main) refers to _printf_pad.o(.text) for _printf_pre_padding
    main.o(i.main) refers to _printf_percent.o(.ARM.Collect$$_printf_percent$$00000000) for _printf_percent
    main.o(i.main) refers to _printf_d.o(.ARM.Collect$$_printf_percent$$00000009) for _printf_d
    main.o(i.main) refers to _printf_dec.o(.text) for _printf_int_dec
    main.o(i.main) refers to misc.o(i.NVIC_PriorityGroupConfig) for NVIC_PriorityGroupConfig
    main.o(i.main) refers to delay.o(i.delay_init) for delay_init
    main.o(i.main) refers to usart.o(i.uart_init) for uart_init
    main.o(i.main) refers to led.o(i.LED_Init) for LED_Init
    main.o(i.main) refers to rtc.o(i.My_RTC_Init) for My_RTC_Init
    main.o(i.main) refers to rtc.o(i.RTC_Set_WakeUp) for RTC_Set_WakeUp
    main.o(i.main) refers to stm32f4xx_rtc.o(i.RTC_GetTime) for RTC_GetTime
    main.o(i.main) refers to noretval__2sprintf.o(.text) for __2sprintf
    main.o(i.main) refers to stm32f4xx_rtc.o(i.RTC_GetDate) for RTC_GetDate
    main.o(i.main) refers to usart.o(i.check_receive_finish) for check_receive_finish
    main.o(i.main) refers to usart.o(i.crc16) for crc16
    main.o(i.main) refers to noretval__2printf.o(.text) for __2printf
    main.o(i.main) refers to stmflash.o(i.STM32FLASH_write_appbin) for STM32FLASH_write_appbin
    main.o(i.main) refers to stmflash.o(i.STMFLASH_Write) for STMFLASH_Write
    main.o(i.main) refers to delay.o(i.delay_ms) for delay_ms
    main.o(i.main) refers to main.o(.constdata) for .constdata
    main.o(i.main) refers to usmart_config.o(.data) for usmart_dev
    main.o(i.main) refers to usart.o(.bss) for USART_RX_BUF
    system_stm32f4xx.o(i.SystemCoreClockUpdate) refers to system_stm32f4xx.o(.data) for SystemCoreClock
    system_stm32f4xx.o(i.SystemInit) refers to system_stm32f4xx.o(i.SetSysClock) for SetSysClock
    led.o(i.LED_Init) refers to stm32f4xx_rcc.o(i.RCC_AHB1PeriphClockCmd) for RCC_AHB1PeriphClockCmd
    led.o(i.LED_Init) refers to stm32f4xx_gpio.o(i.GPIO_Init) for GPIO_Init
    led.o(i.LED_Init) refers to stm32f4xx_gpio.o(i.GPIO_SetBits) for GPIO_SetBits
    lcd.o(i.LCD_Clear) refers to lcd.o(i.LCD_SetCursor) for LCD_SetCursor
    lcd.o(i.LCD_Clear) refers to lcd.o(i.LCD_WriteRAM_Prepare) for LCD_WriteRAM_Prepare
    lcd.o(i.LCD_Clear) refers to lcd.o(.bss) for lcddev
    lcd.o(i.LCD_Color_Fill) refers to lcd.o(i.LCD_SetCursor) for LCD_SetCursor
    lcd.o(i.LCD_Color_Fill) refers to lcd.o(i.LCD_WriteRAM_Prepare) for LCD_WriteRAM_Prepare
    lcd.o(i.LCD_DisplayOff) refers to lcd.o(i.LCD_WR_REG) for LCD_WR_REG
    lcd.o(i.LCD_DisplayOff) refers to lcd.o(i.LCD_WriteReg) for LCD_WriteReg
    lcd.o(i.LCD_DisplayOff) refers to lcd.o(.bss) for lcddev
    lcd.o(i.LCD_DisplayOn) refers to lcd.o(i.LCD_WR_REG) for LCD_WR_REG
    lcd.o(i.LCD_DisplayOn) refers to lcd.o(i.LCD_WriteReg) for LCD_WriteReg
    lcd.o(i.LCD_DisplayOn) refers to lcd.o(.bss) for lcddev
    lcd.o(i.LCD_Display_Dir) refers to lcd.o(i.LCD_Scan_Dir) for LCD_Scan_Dir
    lcd.o(i.LCD_Display_Dir) refers to lcd.o(.bss) for lcddev
    lcd.o(i.LCD_DrawLine) refers to lcd.o(i.LCD_DrawPoint) for LCD_DrawPoint
    lcd.o(i.LCD_DrawPoint) refers to lcd.o(i.LCD_SetCursor) for LCD_SetCursor
    lcd.o(i.LCD_DrawPoint) refers to lcd.o(i.LCD_WriteRAM_Prepare) for LCD_WriteRAM_Prepare
    lcd.o(i.LCD_DrawPoint) refers to lcd.o(.data) for POINT_COLOR
    lcd.o(i.LCD_DrawRectangle) refers to lcd.o(i.LCD_DrawLine) for LCD_DrawLine
    lcd.o(i.LCD_Draw_Circle) refers to lcd.o(i.LCD_DrawPoint) for LCD_DrawPoint
    lcd.o(i.LCD_Fast_DrawPoint) refers to lcd.o(i.LCD_WR_REG) for LCD_WR_REG
    lcd.o(i.LCD_Fast_DrawPoint) refers to lcd.o(i.LCD_WR_DATA) for LCD_WR_DATA
    lcd.o(i.LCD_Fast_DrawPoint) refers to lcd.o(i.LCD_WriteReg) for LCD_WriteReg
    lcd.o(i.LCD_Fast_DrawPoint) refers to lcd.o(.bss) for lcddev
    lcd.o(i.LCD_Fill) refers to lcd.o(i.LCD_SetCursor) for LCD_SetCursor
    lcd.o(i.LCD_Fill) refers to lcd.o(i.LCD_WriteRAM_Prepare) for LCD_WriteRAM_Prepare
    lcd.o(i.LCD_Fill) refers to lcd.o(.bss) for lcddev
    lcd.o(i.LCD_Init) refers to _printf_percent.o(.ARM.Collect$$_printf_percent$$00000000) for _printf_percent
    lcd.o(i.LCD_Init) refers to _printf_x.o(.ARM.Collect$$_printf_percent$$0000000C) for _printf_x
    lcd.o(i.LCD_Init) refers to _printf_hex_int.o(.text) for _printf_longlong_hex
    lcd.o(i.LCD_Init) refers to stm32f4xx_rcc.o(i.RCC_AHB1PeriphClockCmd) for RCC_AHB1PeriphClockCmd
    lcd.o(i.LCD_Init) refers to stm32f4xx_rcc.o(i.RCC_AHB3PeriphClockCmd) for RCC_AHB3PeriphClockCmd
    lcd.o(i.LCD_Init) refers to stm32f4xx_gpio.o(i.GPIO_Init) for GPIO_Init
    lcd.o(i.LCD_Init) refers to stm32f4xx_gpio.o(i.GPIO_PinAFConfig) for GPIO_PinAFConfig
[...]
    ..\\FWLIB\\src\\misc.c                   0x00000000   Number         0  misc.o ABSOLUTE
    ..\\FWLIB\\src\\stm32f4xx_exti.c         0x00000000   Number         0  stm32f4xx_exti.o ABSOLUTE
    ..\\FWLIB\\src\\stm32f4xx_flash.c        0x00000000   Number         0  stm32f4xx_flash.o ABSOLUTE
    ..\\FWLIB\\src\\stm32f4xx_fsmc.c         0x00000000   Number         0  stm32f4xx_fsmc.o ABSOLUTE
    ..\\FWLIB\\src\\stm32f4xx_gpio.c         0x00000000   Number         0  stm32f4xx_gpio.o ABSOLUTE
    ..\\FWLIB\\src\\stm32f4xx_pwr.c          0x00000000   Number         0  stm32f4xx_pwr.o ABSOLUTE
    ..\\FWLIB\\src\\stm32f4xx_rcc.c          0x00000000   Number         0  stm32f4xx_rcc.o ABSOLUTE
    ..\\FWLIB\\src\\stm32f4xx_rtc.c          0x00000000   Number         0  stm32f4xx_rtc.o ABSOLUTE
    ..\\FWLIB\\src\\stm32f4xx_syscfg.c       0x00000000   Number         0  stm32f4xx_syscfg.o ABSOLUTE
    ..\\FWLIB\\src\\stm32f4xx_tim.c          0x00000000   Number         0  stm32f4xx_tim.o ABSOLUTE
    ..\\FWLIB\\src\\stm32f4xx_usart.c        0x00000000   Number         0  stm32f4xx_usart.o ABSOLUTE
    ..\\HARDWARE\\LCD\\lcd.c                 0x00000000   Number         0  lcd.o ABSOLUTE
    ..\\HARDWARE\\LED\\led.c                 0x00000000   Number         0  led.o ABSOLUTE
    ..\\HARDWARE\\RTC\\rtc.c                 0x00000000   Number         0  rtc.o ABSOLUTE
    ..\\HARDWARE\\STMFLASH\\stmflash.c       0x00000000   Number         0  stmflash.o ABSOLUTE
    ..\\SYSTEM\\delay\\delay.c               0x00000000   Number         0  delay.o ABSOLUTE
    ..\\SYSTEM\\sys\\sys.c                   0x00000000   Number         0  sys.o ABSOLUTE
    ..\\SYSTEM\\usart\\usart.c               0x00000000   Number         0  usart.o ABSOLUTE
    ..\\USMART\\usmart.c                     0x00000000   Number         0  usmart.o ABSOLUTE
    ..\\USMART\\usmart_config.c              0x00000000   Number         0  usmart_config.o ABSOLUTE
    ..\\USMART\\usmart_str.c                 0x00000000   Number         0  usmart_str.o ABSOLUTE
    dc.s                                     0x00000000   Number         0  dc.o ABSOLUTE
    main.c                                   0x00000000   Number         0  main.o ABSOLUTE
    main.c                                   0x00000000   Number         0  main.o ABSOLUTE
    stm32f4xx_it.c                           0x00000000   Number         0  stm32f4xx_it.o ABSOLUTE
    stm32f4xx_it.c                           0x00000000   Number         0  stm32f4xx_it.o ABSOLUTE
    system_stm32f4xx.c                       0x00000000   Number         0  system_stm32f4xx.o ABSOLUTE
    system_stm32f4xx.c                       0x00000000   Number         0  system_stm32f4xx.o ABSOLUTE
    RESET                                    0x08010000   Section      392  startup_stm32f40_41xxx.o(RESET)
    !!!main                                  0x08010188   Section        8  __main.o(!!!main)
    !!!scatter                               0x08010190   Section       52  __scatter.o(!!!scatter)
    !!dczerorl2                              0x080101c4   Section       90  __dczerorl2.o(!!dczerorl2)
    !!handler_zi                             0x08010220   Section       28  __scatter_zi.o(!!handler_zi)
    .ARM.Collect$$_printf_percent$$00000000  0x0801023c   Section        0  _printf_percent.o(.ARM.Collect$$_printf_percent$$00000000)
    .ARM.Collect$$_printf_percent$$00000009  0x0801023c   Section        6  _printf_d.o(.ARM.Collect$$_printf_percent$$00000009)
    .ARM.Collect$$_printf_percent$$0000000A  0x08010242   Section        6  _printf_u.o(.ARM.Collect$$_printf_percent$$0000000A)
    .ARM.Collect$$_printf_percent$$0000000C  0x08010248   Section        6  _printf_x.o(.ARM.Collect$$_printf_percent$$0000000C)
    .ARM.Collect$$_printf_percent$$00000013  0x0801024e   Section        6  _printf_c.o(.ARM.Collect$$_printf_percent$$00000013)
    .ARM.Collect$$_printf_percent$$00000014  0x08010254   Section        6  _printf_s.o(.ARM.Collect$$_printf_percent$$00000014)
    .ARM.Collect$$_printf_percent$$00000017  0x0801025a   Section        4  _printf_percent_end.o(.ARM.Collect$$_printf_percent$$00000017)
    .ARM.Collect$$libinit$$00000000          0x0801025e   Section        2  libinit.o(.ARM.Collect$$libinit$$00000000)
    .ARM.Collect$$libinit$$00000001          0x08010260   Section        4  libinit2.o(.ARM.Collect$$libinit$$00000001)
    .ARM.Collect$$libinit$$00000004          0x08010264   Section        0  libinit2.o(.ARM.Collect$$libinit$$00000004)
    .ARM.Collect$$libinit$$0000000A          0x08010264   Section        0  libinit2.o(.ARM.Collect$$libinit$$0000000A)
    .ARM.Collect$$libinit$$0000000C          0x08010264   Section        0  libinit2.o(.ARM.Collect$$libinit$$0000000C)
    .ARM.Collect$$libinit$$0000000E          0x08010264   Section        0  libinit2.o(.ARM.Collect$$libinit$$0000000E)
    .ARM.Collect$$libinit$$00000011          0x08010264   Section        0  libinit2.o(.ARM.Collect$$libinit$$00000011)
    .ARM.Collect$$libinit$$00000013          0x08010264   Section        0  libinit2.o(.ARM.Collect$$libinit$$00000013)
    .ARM.Collect$$libinit$$00000015          0x08010264   Section        0  libinit2.o(.ARM.Collect$$libinit$$00000015)
    .ARM.Collect$$libinit$$00000017          0x08010264   Section        0  libinit2.o(.ARM.Collect$$libinit$$00000017)
    .ARM.Collect$$libinit$$00000019          0x08010264   Section        0  libinit2.o(.ARM.Collect$$libinit$$00000019)
    .ARM.Collect$$libinit$$0000001B          0x08010264   Section        0  libinit2.o(.ARM.Collect$$libinit$$0000001B)
    .ARM.Collect$$libinit$$0000001D          0x08010264   Section        0  libinit2.o(.ARM.Collect$$libinit$$0000001D)
    .ARM.Collect$$libinit$$0000001F          0x08010264   Section        0  libinit2.o(.ARM.Collect$$libinit$$0000001F)
    .ARM.Collect$$libinit$$00000021          0x08010264   Section        0  libinit2.o(.ARM.Collect$$libinit$$00000021)
    .ARM.Collect$$libinit$$00000023          0x08010264   Section        0  libinit2.o(.ARM.Collect$$libinit$$00000023)
    .ARM.Collect$$libinit$$00000025          0x08010264   Section        0  libinit2.o(.ARM.Collect$$libinit$$00000025)
    .ARM.Collect$$libinit$$0000002C          0x08010264   Section        0  libinit2.o(.ARM.Collect$$libinit$$0000002C)
    .ARM.Collect$$libinit$$0000002E          0x08010264   Section        0  libinit2.o(.ARM.Collect$$libinit$$0000002E)
    .ARM.Collect$$libinit$$00000030          0x08010264   Section        0  libinit2.o(.ARM.Collect$$libinit$$00000030)
    .ARM.Collect$$libinit$$00000032          0x08010264   Section        0  libinit2.o(.ARM.Collect$$libinit$$00000032)
    .ARM.Collect$$libinit$$00000033          0x08010264   Section        2  libinit2.o(.ARM.Collect$$libinit$$00000033)
    .ARM.Collect$$libshutdown$$00000000      0x08010266   Section        2  libshutdown.o(.ARM.Collect$$libshutdown$$00000000)
    .ARM.Collect$$libshutdown$$00000002      0x08010268   Section        0  libshutdown2.o(.ARM.Collect$$libshutdown$$00000002)
    .ARM.Collect$$libshutdown$$00000004      0x08010268   Section        0  libshutdown2.o(.ARM.Collect$$libshutdown$$00000004)
    .ARM.Collect$$libshutdown$$00000007      0x08010268   Section        0  libshutdown2.o(.ARM.Collect$$libshutdown$$00000007)
    .ARM.Collect$$libshutdown$$0000000A      0x08010268   Section        0  libshutdown2.o(.ARM.Collect$$libshutdown$$0000000A)
    .ARM.Collect$$libshutdown$$0000000C      0x08010268   Section        0  libshutdown2.o(.ARM.Collect$$libshutdown$$0000000C)
    .ARM.Collect$$libshutdown$$0000000F      0x08010268   Section        0  libshutdown2.o(.ARM.Collect$$libshutdown$$0000000F)
    .ARM.Collect$$libshutdown$$00000010      0x08010268   Section        2  libshutdown2.o(.ARM.Collect$$libshutdown$$00000010)
    .ARM.Collect$$rtentry$$00000000          0x0801026a   Section        0  __rtentry.o(.ARM.Collect$$rtentry$$00000000)
    .ARM.Collect$$rtentry$$00000002          0x0801026a   Section        0  __rtentry2.o(.ARM.Collect$$rtentry$$00000002)
    .ARM.Collect$$rtentry$$00000004          0x0801026a   Section        6  __rtentry4.o(.ARM.Collect$$rtentry$$00000004)
    .ARM.Collect$$rtentry$$00000009          0x08010270   Section        0  __rtentry2.o(.ARM.Collect$$rtentry$$00000009)
    .ARM.Collect$$rtentry$$0000000A          0x08010270   Section        4  __rtentry2.o(.ARM.Collect$$rtentry$$0000000A)
    .ARM.Collect$$rtentry$$0000000C          0x08010274   Section        0  __rtentry2.o(.ARM.Collect$$rtentry$$0000000C)
    .ARM.Collect$$rtentry$$0000000D          0x08010274   Section        8  __rtentry2.o(.ARM.Collect$$rtentry$$0000000D)
    .ARM.Collect$$rtexit$$00000000           0x0801027c   Section        2  rtexit.o(.ARM.Collect$$rtexit$$00000000)
    .ARM.Collect$$rtexit$$00000002           0x0801027e   Section        0  rtexit2.o(.ARM.Collect$$rtexit$$00000002)
    .ARM.Collect$$rtexit$$00000003           0x0801027e   Section        4  rtexit2.o(.ARM.Collect$$rtexit$$00000003)
    .ARM.Collect$$rtexit$$00000004           0x08010282   Section        6  rtexit2.o(.ARM.Collect$$rtexit$$00000004)
    .text                                    0x08010288   Section       60  startup_stm32f40_41xxx.o(.text)
    $v0                                      0x08010288   Number         0  startup_stm32f40_41xxx.o(.text)
    .text                                    0x080102c4   Section        2  use_no_semi_2.o(.text)
    .text                                    0x080102c8   Section        0  noretval__2printf.o(.text)
    .text                                    0x080102e0   Section        0  noretval__2sprintf.o(.text)
    .text                                    0x08010308   Section        0  _printf_pad.o(.text)
    .text                                    0x08010356   Section        0  _printf_str.o(.text)
    .text                                    0x080103a8   Section        0  _printf_dec.o(.text)
    .text                                    0x08010420   Section        0  _printf_hex_int.o(.text)
    .text                                    0x08010478   Section        0  __printf_flags_ss_wp.o(.text)
    .text                                    0x08010600   Section        0  heapauxi.o(.text)
    .text                                    0x08010606   Section        2  use_no_semi.o(.text)
    .text                                    0x08010608   Section        0  _printf_intcommon.o(.text)
    .text                                    0x080106bc   Section        0  _printf_char_common.o(.text)
    _printf_input_char                       0x080106bd   Thumb Code    10  _printf_char_common.o(.text)
    .text                                    0x080106ec   Section        0  _sputc.o(.text)
    .text                                    0x080106f6   Section        0  _printf_char.o(.text)
    .text                                    0x08010724   Section        0  _printf_char_file.o(.text)
    .text                                    0x08010748   Section        0  ferror.o(.text)
    .text                                    0x08010750   Section       74  sys_stackheap_outer.o(.text)
    .text                                    0x0801079a   Section        0  exit.o(.text)
    .text                                    0x080107ac   Section        8  libspace.o(.text)
    i.BusFault_Handler                       0x080107b4   Section        0  stm32f4xx_it.o(i.BusFault_Handler)
    i.DebugMon_Handler                       0x080107b8   Section        0  stm32f4xx_it.o(i.DebugMon_Handler)
    i.EXTI_ClearITPendingBit                 0x080107bc   Section        0  stm32f4xx_exti.o(i.EXTI_ClearITPendingBit)
    i.EXTI_Init                              0x080107c8   Section        0  stm32f4xx_exti.o(i.EXTI_Init)
    i.FLASH_DataCacheCmd                     0x0801085c   Section        0  stm32f4xx_flash.o(i.FLASH_DataCacheCmd)
    i.FLASH_EraseSector                      0x08010880   Section        0  stm32f4xx_flash.o(i.FLASH_EraseSector)
    i.FLASH_GetStatus                        0x08010908   Section        0  stm32f4xx_flash.o(i.FLASH_GetStatus)
    i.FLASH_Lock                             0x0801095c   Section        0  stm32f4xx_flash.o(i.FLASH_Lock)
    i.FLASH_ProgramWord                      0x08010970   Section        0  stm32f4xx_flash.o(i.FLASH_ProgramWord)
    i.FLASH_Unlock                           0x080109c0   Section        0  stm32f4xx_flash.o(i.FLASH_Unlock)
    i.FLASH_WaitForLastOperation             0x080109e4   Section        0  stm32f4xx_flash.o(i.FLASH_WaitForLastOperation)
    i.GPIO_Init                              0x08010a06   Section        0  stm32f4xx_gpio.o(i.GPIO_Init)
    i.GPIO_PinAFConfig                       0x08010a96   Section        0  stm32f4xx_gpio.o(i.GPIO_PinAFConfig)
    i.GPIO_SetBits                           0x08010adc   Section        0  stm32f4xx_gpio.o(i.GPIO_SetBits)
    i.HardFault_Handler                      0x08010ae0   Section        0  stm32f4xx_it.o(i.HardFault_Handler)
    i.LED_Init                               0x08010ae4   Section        0  led.o(i.LED_Init)
    i.MemManage_Handler                      0x08010b24   Section        0  stm32f4xx_it.o(i.MemManage_Handler)
    i.My_RTC_Init                            0x08010b28   Section        0  rtc.o(i.My_RTC_Init)
    i.NMI_Handler                            0x08010bb2   Section        0  stm32f4xx_it.o(i.NMI_Handler)
    i.NVIC_Init                              0x08010bb4   Section        0  misc.o(i.NVIC_Init)
    i.NVIC_PriorityGroupConfig               0x08010c2c   Section        0  misc.o(i.NVIC_PriorityGroupConfig)
    i.PWR_BackupAccessCmd                    0x08010c40   Section        0  stm32f4xx_pwr.o(i.PWR_BackupAccessCmd)
    i.PendSV_Handler                         0x08010c4c   Section        0  stm32f4xx_it.o(i.PendSV_Handler)
    i.RCC_AHB1PeriphClockCmd                 0x08010c50   Section        0  stm32f4xx_rcc.o(i.RCC_AHB1PeriphClockCmd)
    i.RCC_APB1PeriphClockCmd                 0x08010c70   Section        0  stm32f4xx_rcc.o(i.RCC_APB1PeriphClockCmd)
    i.RCC_APB2PeriphClockCmd                 0x08010c90   Section        0  stm32f4xx_rcc.o(i.RCC_APB2PeriphClockCmd)
    i.RCC_GetClocksFreq                      0x08010cb0   Section        0  stm32f4xx_rcc.o(i.RCC_GetClocksFreq)
    i.RCC_GetFlagStatus                      0x08010d98   Section        0  stm32f4xx_rcc.o(i.RCC_GetFlagStatus)
    i.RCC_LSEConfig                          0x08010dd8   Section        0  stm32f4xx_rcc.o(i.RCC_LSEConfig)
    i.RCC_RTCCLKCmd                          0x08010e04   Section        0  stm32f4xx_rcc.o(i.RCC_RTCCLKCmd)
    i.RCC_RTCCLKConfig                       0x08010e10   Section        0  stm32f4xx_rcc.o(i.RCC_RTCCLKConfig)
    i.RTC_AlarmCmd                           0x08010e4c   Section        0  stm32f4xx_rtc.o(i.RTC_AlarmCmd)
    i.RTC_Alarm_IRQHandler                   0x08010ec0   Section        0  rtc.o(i.RTC_Alarm_IRQHandler)
    i.RTC_Bcd2ToByte                         0x08010ef0   Section        0  stm32f4xx_rtc.o(i.RTC_Bcd2ToByte)
    RTC_Bcd2ToByte                           0x08010ef1   Thumb Code    22  stm32f4xx_rtc.o(i.RTC_Bcd2ToByte)
    i.RTC_ByteToBcd2                         0x08010f06   Section        0  stm32f4xx_rtc.o(i.RTC_ByteToBcd2)
    RTC_ByteToBcd2                           0x08010f07   Thumb Code    28  stm32f4xx_rtc.o(i.RTC_ByteToBcd2)
    i.RTC_ClearFlag                          0x08010f24   Section        0  stm32f4xx_rtc.o(i.RTC_ClearFlag)
    i.RTC_ClearITPendingBit                  0x08010f40   Section        0  stm32f4xx_rtc.o(i.RTC_ClearITPendingBit)
    i.RTC_EnterInitMode                      0x08010f60   Section        0  stm32f4xx_rtc.o(i.RTC_EnterInitMode)
    i.RTC_ExitInitMode                       0x08010fb0   Section        0  stm32f4xx_rtc.o(i.RTC_ExitInitMode)
    i.RTC_GetDate                            0x08010fc4   Section        0  stm32f4xx_rtc.o(i.RTC_GetDate)
    i.RTC_GetFlagStatus                      0x08011010   Section        0  stm32f4xx_rtc.o(i.RTC_GetFlagStatus)
    i.RTC_GetTime                            0x08011038   Section        0  stm32f4xx_rtc.o(i.RTC_GetTime)
    i.RTC_ITConfig                           0x08011088   Section        0  stm32f4xx_rtc.o(i.RTC_ITConfig)
    i.RTC_Init                               0x080110ec   Section        0  stm32f4xx_rtc.o(i.RTC_Init)
    i.RTC_ReadBackupRegister                 0x08011150   Section        0  stm32f4xx_rtc.o(i.RTC_ReadBackupRegister)
    i.RTC_SetAlarm                           0x08011170   Section        0  stm32f4xx_rtc.o(i.RTC_SetAlarm)
    i.RTC_SetDate                            0x0801125c   Section        0  stm32f4xx_rtc.o(i.RTC_SetDate)
    i.RTC_SetTime                            0x08011324   Section        0  stm32f4xx_rtc.o(i.RTC_SetTime)
    i.RTC_SetWakeUpCounter                   0x080113f4   Section        0  stm32f4xx_rtc.o(i.RTC_SetWakeUpCounter)
    i.RTC_Set_AlarmA                         0x08011410   Section        0  rtc.o(i.RTC_Set_AlarmA)
    i.RTC_Set_Date                           0x080114b4   Section        0  rtc.o(i.RTC_Set_Date)
    i.RTC_Set_Time                           0x080114d8   Section        0  rtc.o(i.RTC_Set_Time)
    i.RTC_Set_WakeUp                         0x080114fc   Section        0  rtc.o(i.RTC_Set_WakeUp)
    i.RTC_WKUP_IRQHandler                    0x0801156c   Section        0  rtc.o(i.RTC_WKUP_IRQHandler)
    i.RTC_WaitForSynchro                     0x080115a0   Section        0  stm32f4xx_rtc.o(i.RTC_WaitForSynchro)
    i.RTC_WakeUpClockConfig                  0x08011600   Section        0  stm32f4xx_rtc.o(i.RTC_WakeUpClockConfig)
    i.RTC_WakeUpCmd                          0x08011630   Section        0  stm32f4xx_rtc.o(i.RTC_WakeUpCmd)
    i.RTC_WriteBackupRegister                0x080116a8   Section        0  stm32f4xx_rtc.o(i.RTC_WriteBackupRegister)
    i.STM32FLASH_write_appbin                0x080116c4   Section        0  stmflash.o(i.STM32FLASH_write_appbin)
    i.STMFLASH_GetFlashSector                0x08011730   Section        0  stmflash.o(i.STMFLASH_GetFlashSector)
    i.STMFLASH_ReadWord                      0x080117d0   Section        0  stmflash.o(i.STMFLASH_ReadWord)
    i.STMFLASH_Write                         0x080117d8   Section        0  stmflash.o(i.STMFLASH_Write)
    i.SVC_Handler                            0x08011870   Section        0  stm32f4xx_it.o(i.SVC_Handler)
    i.SetSysClock                            0x08011874   Section        0  system_stm32f4xx.o(i.SetSysClock)
    SetSysClock                              0x08011875   Thumb Code   220  system_stm32f4xx.o(i.SetSysClock)
    i.SysTick_CLKSourceConfig                0x08011960   Section        0  misc.o(i.SysTick_CLKSourceConfig)
    i.SysTick_Handler                        0x08011988   Section        0  stm32f4xx_it.o(i.SysTick_Handler)
    i.SystemInit                             0x0801198c   Section        0  system_stm32f4xx.o(i.SystemInit)
    i.TIM4_IRQHandler                        0x080119f4   Section        0  usmart.o(i.TIM4_IRQHandler)
    i.TIM_ClearFlag                          0x08011a2c   Section        0  stm32f4xx_tim.o(i.TIM_ClearFlag)
    i.TIM_ClearITPendingBit                  0x08011a32   Section        0  stm32f4xx_tim.o(i.TIM_ClearITPendingBit)
    i.TIM_Cmd                                0x08011a38   Section        0  stm32f4xx_tim.o(i.TIM_Cmd)
    i.TIM_GetCounter                         0x08011a50   Section        0  stm32f4xx_tim.o(i.TIM_GetCounter)
    i.TIM_GetFlagStatus                      0x08011a56   Section        0  stm32f4xx_tim.o(i.TIM_GetFlagStatus)
    i.TIM_GetITStatus                        0x08011a68   Section        0  stm32f4xx_tim.o(i.TIM_GetITStatus)
    i.TIM_ITConfig                           0x08011a8a   Section        0  stm32f4xx_tim.o(i.TIM_ITConfig)
    i.TIM_SetAutoreload                      0x08011a9c   Section        0  stm32f4xx_tim.o(i.TIM_SetAutoreload)
    i.TIM_SetCounter                         0x08011aa0   Section        0  stm32f4xx_tim.o(i.TIM_SetCounter)
    i.TIM_TimeBaseInit                       0x08011aa4   Section        0  stm32f4xx_tim.o(i.TIM_TimeBaseInit)
    i.Timer4_Init                            0x08011b28   Section        0  usmart.o(i.Timer4_Init)
    i.USART1_IRQHandler                      0x08011b84   Section        0  usart.o(i.USART1_IRQHandler)
    i.USART_Cmd                              0x08011bc4   Section        0  stm32f4xx_usart.o(i.USART_Cmd)
    i.USART_GetITStatus                      0x08011bdc   Section        0  stm32f4xx_usart.o(i.USART_GetITStatus)
    i.USART_ITConfig                         0x08011c30   Section        0  stm32f4xx_usart.o(i.USART_ITConfig)
    i.USART_Init                             0x08011c7c   Section        0  stm32f4xx_usart.o(i.USART_Init)
    i.USART_ReceiveData                      0x08011d50   Section        0  stm32f4xx_usart.o(i.USART_ReceiveData)
    i.UsageFault_Handler                     0x08011d5a   Section        0  stm32f4xx_it.o(i.UsageFault_Handler)
    i._is_digit                              0x08011d5e   Section        0  __printf_wp.o(i._is_digit)
    i._sys_exit                              0x08011d6c   Section        0  usart.o(i._sys_exit)
    i.check_receive_finish                   0x08011d70   Section        0  usart.o(i.check_receive_finish)
    i.crc16                                  0x08011db0   Section        0  usart.o(i.crc16)
    i.delay_init                             0x08011de8   Section        0  delay.o(i.delay_init)
    i.delay_ms                               0x08011e24   Section        0  delay.o(i.delay_ms)
    i.delay_us                               0x08011e5c   Section        0  delay.o(i.delay_us)
    i.delay_xms                              0x08011ea8   Section        0  delay.o(i.delay_xms)
    i.fputc                                  0x08011ef4   Section        0  usart.o(i.fputc)
    i.main                                   0x08011f10   Section        0  main.o(i.main)
    i.read_addr                              0x08012124   Section        0  usmart.o(i.read_addr)
    i.uart_init                              0x0801212c   Section        0  usart.o(i.uart_init)
    i.usmart_cmd_rec                         0x080121d8   Section        0  usmart.o(i.usmart_cmd_rec)
    i.usmart_exe                             0x08012288   Section        0  usmart.o(i.usmart_exe)
    i.usmart_get_aparm                       0x0801255c   Section        0  usmart_str.o(i.usmart_get_aparm)
    i.usmart_get_cmdname                     0x08012624   Section        0  usmart_str.o(i.usmart_get_cmdname)
    i.usmart_get_fname                       0x0801265c   Section        0  usmart_str.o(i.usmart_get_fname)
    i.usmart_get_fparam                      0x0801281c   Section        0  usmart_str.o(i.usmart_get_fparam)
    i.usmart_get_parmpos                     0x08012928   Section        0  usmart_str.o(i.usmart_get_parmpos)
    i.usmart_get_runtime                     0x08012948   Section        0  usmart.o(i.usmart_get_runtime)
    i.usmart_init                            0x0801298c   Section        0  usmart.o(i.usmart_init)
    i.usmart_pow                             0x080129b4   Section        0  usmart_str.o(i.usmart_pow)
    i.usmart_reset_runtime                   0x080129cc   Section        0  usmart.o(i.usmart_reset_runtime)
    i.usmart_scan                            0x080129fc   Section        0  usmart.o(i.usmart_scan)
    i.usmart_search_nextc                    0x08012ab8   Section        0  usmart_str.o(i.usmart_search_nextc)
    i.usmart_str2num                         0x08012ace   Section        0  usmart_str.o(i.usmart_str2num)
    i.usmart_strcmp                          0x08012b98   Section        0  usmart_str.o(i.usmart_strcmp)
    i.usmart_strcopy                         0x08012bba   Section        0  usmart_str.o(i.usmart_strcopy)
    i.usmart_strlen                          0x08012bd0   Section        0  usmart_str.o(i.usmart_strlen)
    i.usmart_sys_cmd_exe                     0x08012be8   Section        0  usmart.o(i.usmart_sys_cmd_exe)
    i.write_addr                             0x080132cc   Section        0  usmart.o(i.write_addr)
    x$fpl$fpinit                             0x080132d0   Section       10  fpinit.o(x$fpl$fpinit)
    $v0                                      0x080132d0   Number         0  fpinit.o(x$fpl$fpinit)
    .constdata                               0x080132dc   Section        8  main.o(.constdata)
    .constdata                               0x080132e4   Section       40  _printf_hex_int.o(.constdata)
    uc_hextab                                0x080132e4   Data          20  _printf_hex_int.o(.constdata)
    lc_hextab                                0x080132f8   Data          20  _printf_hex_int.o(.constdata)
    .constdata                               0x0801330c   Section       17  __printf_flags_ss_wp.o(.constdata)
    maptable                                 0x0801330c   Data          17  __printf_flags_ss_wp.o(.constdata)
    .conststring                             0x08013320   Section       40  usmart.o(.conststring)
    .conststring                             0x08013348   Section      298  usmart_config.o(.conststring)
    .data                                    0x20000000   Section        4  rtc.o(.data)
    .data                                    0x20000004   Section        4  delay.o(.data)
    fac_us                                   0x20000004   Data           1  delay.o(.data)
    fac_ms                                   0x20000006   Data           2  delay.o(.data)
    .data                                    0x20000008   Section      528  usart.o(.data)
    cnt                                      0x20000014   Data           4  usart.o(.data)
    CRCHi                                    0x20000018   Data         256  usart.o(.data)
    CRCLo                                    0x20000118   Data         256  usart.o(.data)
    .data                                    0x20000218   Section       16  stm32f4xx_rcc.o(.data)
    APBAHBPrescTable                         0x20000218   Data          16  stm32f4xx_rcc.o(.data)
    .data                                    0x20000228   Section       28  usmart.o(.data)
    .data                                    0x20000244   Section      308  usmart_config.o(.data)
    .bss                                     0x20000378   Section    10240  usart.o(.bss)
    .bss                                     0x20002b78   Section       96  libspace.o(.bss)
    HEAP                                     0x20002bd8   Section        0  startup_stm32f40_41xxx.o(HEAP)
    STACK                                    0x20002bd8   Section     1024  startup_stm32f40_41xxx.o(STACK)
    Heap_Mem                                 0x20002bd8   Data           0  startup_stm32f40_41xxx.o(HEAP)
    Stack_Mem                                0x20002bd8   Data        1024  startup_stm32f40_41xxx.o(STACK)
    __initial_sp                             0x20002fd8   Data           0  startup_stm32f40_41xxx.o(STACK)

    Global Symbols

    Symbol Name                              Value     Ov Type        Size  Object(Section)

    BuildAttributes$$THM_ISAv4$E$P$D$K$B$S$7EM$VFPi3$EXTD16$VFPS$VFMA$PE$A:L22UL41UL21$X:L11$S22US41US21$IEEE1$IW$USESV6$~STKCKD$USESV7$~SHL$OSPACE$ROPI$EBA8$UX$STANDARDLIB$REQ8$PRES8$EABIv2 0x00000000   Number         0  anon$$obj.o ABSOLUTE
    __ARM_use_no_argv                        0x00000000   Number         0  main.o ABSOLUTE
    _printf_flags                            0x00000000   Number         0  printf_stubs.o ABSOLUTE
    _printf_return_value                     0x00000000   Number         0  printf_stubs.o ABSOLUTE
    _printf_sizespec                         0x00000000   Number         0  printf_stubs.o ABSOLUTE
    _printf_widthprec                        0x00000000   Number         0  printf_stubs.o ABSOLUTE
    __ARM_exceptions_init                     - Undefined Weak Reference
    __alloca_initialize                       - Undefined Weak Reference
    __arm_preinit_                            - Undefined Weak Reference
    __cpp_initialize__aeabi_                  - Undefined Weak Reference
    __cxa_finalize                            - Undefined Weak Reference
    __rt_locale                               - Undefined Weak Reference
    __sigvec_lookup                           - Undefined Weak Reference
    _atexit_init                              - Undefined Weak Reference
    _call_atexit_fns                          - Undefined Weak Reference
    _clock_init                               - Undefined Weak Reference
    _fp_trap_init                             - Undefined Weak Reference
    _fp_trap_shutdown                         - Undefined Weak Reference
    _get_lc_collate                           - Undefined Weak Reference
    _get_lc_ctype                             - Undefined Weak Reference
    _get_lc_monetary                          - Undefined Weak Reference
    _get_lc_numeric                           - Undefined Weak Reference
    _get_lc_time                              - Undefined Weak Reference
    _getenv_init                              - Undefined Weak Reference
    _handle_redirection                       - Undefined Weak Reference
    _init_alloc                               - Undefined Weak Reference
    _init_user_alloc                          - Undefined Weak Reference
    _initio                                   - Undefined Weak Reference
    _mutex_acquire                            - Undefined Weak Reference
    _mutex_release                            - Undefined Weak Reference
    _printf_mbtowc                            - Undefined Weak Reference
    _printf_truncate_signed                   - Undefined Weak Reference
    _printf_truncate_unsigned                 - Undefined Weak Reference
    _rand_init                                - Undefined Weak Reference
    _signal_finish                            - Undefined Weak Reference
    _signal_init                              - Undefined Weak Reference
    _terminate_alloc                          - Undefined Weak Reference
    _terminate_user_alloc                     - Undefined Weak Reference
    _terminateio                              - Undefined Weak Reference
    __Vectors_Size                           0x00000188   Number         0  startup_stm32f40_41xxx.o ABSOLUTE
    __Vectors                                0x08010000   Data           4  startup_stm32f40_41xxx.o(RESET)
    __Vectors_End                            0x08010188   Data           0  startup_stm32f40_41xxx.o(RESET)
    __main                                   0x08010189   Thumb Code     8  __main.o(!!!main)
    __scatterload                            0x08010191   Thumb Code     0  __scatter.o(!!!scatter)
    __scatterload_rt2                        0x08010191   Thumb Code    44  __scatter.o(!!!scatter)
    __scatterload_rt2_thumb_only             0x08010191   Thumb Code     0  __scatter.o(!!!scatter)
    __scatterload_null                       0x0801019f   Thumb Code     0  __scatter.o(!!!scatter)
    __decompress                             0x080101c5   Thumb Code    90  __dczerorl2.o(!!dczerorl2)
    __decompress1                            0x080101c5   Thumb Code     0  __dczerorl2.o(!!dczerorl2)
    __scatterload_zeroinit                   0x08010221   Thumb Code    28  __scatter_zi.o(!!handler_zi)
    _printf_d                                0x0801023d   Thumb Code     0  _printf_d.o(.ARM.Collect$$_printf_percent$$00000009)
    _printf_percent                          0x0801023d   Thumb Code     0  _printf_percent.o(.ARM.Collect$$_printf_percent$$00000000)
    _printf_u                                0x08010243   Thumb Code     0  _printf_u.o(.ARM.Collect$$_printf_percent$$0000000A)
    _printf_x                                0x08010249   Thumb Code     0  _printf_x.o(.ARM.Collect$$_printf_percent$$0000000C)
    _printf_c                                0x0801024f   Thumb Code     0  _printf_c.o(.ARM.Collect$$_printf_percent$$00000013)
    _printf_s                                0x08010255   Thumb Code     0  _printf_s.o(.ARM.Collect$$_printf_percent$$00000014)
    _printf_percent_end                      0x0801025b   Thumb Code     0  _printf_percent_end.o(.ARM.Collect$$_printf_percent$$00000017)
    __rt_lib_init                            0x0801025f   Thumb Code     0  libinit.o(.ARM.Collect$$libinit$$00000000)
    __rt_lib_init_fp_1                       0x08010261   Thumb Code     0  libinit2.o(.ARM.Collect$$libinit$$00000001)
    __rt_lib_init_alloca_1                   0x08010265   Thumb Code     0  libinit2.o(.ARM.Collect$$libinit$$0000002E)
    __rt_lib_init_argv_1                     0x08010265   Thumb Code     0  libinit2.o(.ARM.Collect$$libinit$$0000002C)
    __rt_lib_init_atexit_1                   0x08010265   Thumb Code     0  libinit2.o(.ARM.Collect$$libinit$$0000001B)
    __rt_lib_init_clock_1                    0x08010265   Thumb Code     0  libinit2.o(.ARM.Collect$$libinit$$00000021)
    __rt_lib_init_cpp_1                      0x08010265   Thumb Code     0  libinit2.o(.ARM.Collect$$libinit$$00000032)
    __rt_lib_init_exceptions_1               0x08010265   Thumb Code     0  libinit2.o(.ARM.Collect$$libinit$$00000030)
    __rt_lib_init_fp_trap_1                  0x08010265   Thumb Code     0  libinit2.o(.ARM.Collect$$libinit$$0000001F)
    __rt_lib_init_getenv_1                   0x08010265   Thumb Code     0  libinit2.o(.ARM.Collect$$libinit$$00000023)
    __rt_lib_init_heap_1                     0x08010265   Thumb Code     0  libinit2.o(.ARM.Collect$$libinit$$0000000A)
    __rt_lib_init_lc_collate_1               0x08010265   Thumb Code     0  libinit2.o(.ARM.Collect$$libinit$$00000011)
    __rt_lib_init_lc_ctype_1                 0x08010265   Thumb Code     0  libinit2.o(.ARM.Collect$$libinit$$00000013)
    __rt_lib_init_lc_monetary_1              0x08010265   Thumb Code     0  libinit2.o(.ARM.Collect$$libinit$$00000015)
    __rt_lib_init_lc_numeric_1               0x08010265   Thumb Code     0  libinit2.o(.ARM.Collect$$libinit$$00000017)
    __rt_lib_init_lc_time_1                  0x08010265   Thumb Code     0  libinit2.o(.ARM.Collect$$libinit$$00000019)
    __rt_lib_init_preinit_1                  0x08010265   Thumb Code     0  libinit2.o(.ARM.Collect$$libinit$$00000004)
    __rt_lib_init_rand_1                     0x08010265   Thumb Code     0  libinit2.o(.ARM.Collect$$libinit$$0000000E)
    __rt_lib_init_return                     0x08010265   Thumb Code     0  libinit2.o(.ARM.Collect$$libinit$$00000033)
    __rt_lib_init_signal_1                   0x08010265   Thumb Code     0  libinit2.o(.ARM.Collect$$libinit$$0000001D)
    __rt_lib_init_stdio_1                    0x08010265   Thumb Code     0  libinit2.o(.ARM.Collect$$libinit$$00000025)
    __rt_lib_init_user_alloc_1               0x08010265   Thumb Code     0  libinit2.o(.ARM.Collect$$libinit$$0000000C)
    __rt_lib_shutdown                        0x08010267   Thumb Code     0  libshutdown.o(.ARM.Collect$$libshutdown$$00000000)
    __rt_lib_shutdown_cpp_1                  0x08010269   Thumb Code     0  libshutdown2.o(.ARM.Collect$$libshutdown$$00000002)
    __rt_lib_shutdown_fp_trap_1              0x08010269   Thumb Code     0  libshutdown2.o(.ARM.Collect$$libshutdown$$00000007)
    __rt_lib_shutdown_heap_1                 0x08010269   Thumb Code     0  libshutdown2.o(.ARM.Collect$$libshutdown$$0000000F)
    __rt_lib_shutdown_return                 0x08010269   Thumb Code     0  libshutdown2.o(.ARM.Collect$$libshutdown$$00000010)
    __rt_lib_shutdown_signal_1               0x08010269   Thumb Code     0  libshutdown2.o(.ARM.Collect$$libshutdown$$0000000A)
    __rt_lib_shutdown_stdio_1                0x08010269   Thumb Code     0  libshutdown2.o(.ARM.Collect$$libshutdown$$00000004)
    __rt_lib_shutdown_user_alloc_1           0x08010269   Thumb Code     0  libshutdown2.o(.ARM.Collect$$libshutdown$$0000000C)
    __rt_entry                               0x0801026b   Thumb Code     0  __rtentry.o(.ARM.Collect$$rtentry$$00000000)
    __rt_entry_presh_1                       0x0801026b   Thumb Code     0  __rtentry2.o(.ARM.Collect$$rtentry$$00000002)
    __rt_entry_sh                            0x0801026b   Thumb Code     0  __rtentry4.o(.ARM.Collect$$rtentry$$00000004)
    __rt_entry_li                            0x08010271   Thumb Code     0  __rtentry2.o(.ARM.Collect$$rtentry$$0000000A)
    __rt_entry_postsh_1                      0x08010271   Thumb Code     0  __rtentry2.o(.ARM.Collect$$rtentry$$00000009)
    __rt_entry_main                          0x08010275   Thumb Code     0  __rtentry2.o(.ARM.Collect$$rtentry$$0000000D)
    __rt_entry_postli_1                      0x08010275   Thumb Code     0  __rtentry2.o(.ARM.Collect$$rtentry$$0000000C)
    __rt_exit                                0x0801027d   Thumb Code     0  rtexit.o(.ARM.Collect$$rtexit$$00000000)
    __rt_exit_ls                             0x0801027f   Thumb Code     0  rtexit2.o(.ARM.Collect$$rtexit$$00000003)
    __rt_exit_prels_1                        0x0801027f   Thumb Code     0  rtexit2.o(.ARM.Collect$$rtexit$$00000002)
    __rt_exit_exit                           0x08010283   Thumb Code     0  rtexit2.o(.ARM.Collect$$rtexit$$00000004)
    Reset_Handler                            0x08010289   Thumb Code     8  startup_stm32f40_41xxx.o(.text)
    ADC_IRQHandler                           0x080102a3   Thumb Code     0  startup_stm32f40_41xxx.o(.text)
    CAN1_RX0_IRQHandler                      0x080102a3   Thumb Code     0  startup_stm32f40_41xxx.o(.text)
    CAN1_RX1_IRQHandler                      0x080102a3   Thumb Code     0  startup_stm32f40_41xxx.o(.text)
    CAN1_SCE_IRQHandler                      0x080102a3   Thumb Code     0  startup_stm32f40_41xxx.o(.text)
    CAN1_TX_IRQHandler                       0x080102a3   Thumb Code     0  startup_stm32f40_41xxx.o(.text)
    CAN2_RX0_IRQHandler                      0x080102a3   Thumb Code     0  startup_stm32f40_41xxx.o(.text)
    CAN2_RX1_IRQHandler                      0x080102a3   Thumb Code     0  startup_stm32f40_41xxx.o(.text)
    CAN2_SCE_IRQHandler                      0x080102a3   Thumb Code     0  startup_stm32f40_41xxx.o(.text)
    CAN2_TX_IRQHandler                       0x080102a3   Thumb Code     0  startup_stm32f40_41xxx.o(.text)
    CRYP_IRQHandler                          0x080102a3   Thumb Code     0  startup_stm32f40_41xxx.o(.text)
    DCMI_IRQHandler                          0x080102a3   Thumb Code     0  startup_stm32f40_41xxx.o(.text)
    DMA1_Stream0_IRQHandler                  0x080102a3   Thumb Code     0  startup_stm32f40_41xxx.o(.text)
    DMA1_Stream1_IRQHandler                  0x080102a3   Thumb Code     0  startup_stm32f40_41xxx.o(.text)
    DMA1_Stream2_IRQHandler                  0x080102a3   Thumb Code     0  startup_stm32f40_41xxx.o(.text)
    DMA1_Stream3_IRQHandler                  0x080102a3   Thumb Code     0  startup_stm32f40_41xxx.o(.text)
    DMA1_Stream4_IRQHandler                  0x080102a3   Thumb Code     0  startup_stm32f40_41xxx.o(.text)
    DMA1_Stream5_IRQHandler                  0x080102a3   Thumb Code     0  startup_stm32f40_41xxx.o(.text)
    DMA1_Stream6_IRQHandler                  0x080102a3   Thumb Code     0  startup_stm32f40_41xxx.o(.text)
    DMA1_Stream7_IRQHandler                  0x080102a3   Thumb Code     0  startup_stm32f40_41xxx.o(.text)
    DMA2_Stream0_IRQHandler                  0x080102a3   Thumb Code     0  startup_stm32f40_41xxx.o(.text)
    DMA2_Stream1_IRQHandler                  0x080102a3   Thumb Code     0  startup_stm32f40_41xxx.o(.text)
    DMA2_Stream2_IRQHandler                  0x080102a3   Thumb Code     0  startup_stm32f40_41xxx.o(.text)
    DMA2_Stream3_IRQHandler                  0x080102a3   Thumb Code     0  startup_stm32f40_41xxx.o(.text)
    DMA2_Stream4_IRQHandler                  0x080102a3   Thumb Code     0  startup_stm32f40_41xxx.o(.text)
    DMA2_Stream5_IRQHandler                  0x080102a3   Thumb Code     0  startup_stm32f40_41xxx.o(.text)
    DMA2_Stream6_IRQHandler                  0x080102a3   Thumb Code     0  startup_stm32f40_41xxx.o(.text)
    DMA2_Stream7_IRQHandler                  0x080102a3   Thumb Code     0  startup_stm32f40_41xxx.o(.text)
    ETH_IRQHandler                           0x080102a3   Thumb Code     0  startup_stm32f40_41xxx.o(.text)
    ETH_WKUP_IRQHandler                      0x080102a3   Thumb Code     0  startup_stm32f40_41xxx.o(.text)
    EXTI0_IRQHandler                         0x080102a3   Thumb Code     0  startup_stm32f40_41xxx.o(.text)
    EXTI15_10_IRQHandler                     0x080102a3   Thumb Code     0  startup_stm32f40_41xxx.o(.text)
    EXTI1_IRQHandler                         0x080102a3   Thumb Code     0  startup_stm32f40_41xxx.o(.text)
    EXTI2_IRQHandler                         0x080102a3   Thumb Code     0  startup_stm32f40_41xxx.o(.text)
    EXTI3_IRQHandler                         0x080102a3   Thumb Code     0  startup_stm32f40_41xxx.o(.text)
    EXTI4_IRQHandler                         0x080102a3   Thumb Code     0  startup_stm32f40_41xxx.o(.text)
    EXTI9_5_IRQHandler                       0x080102a3   Thumb Code     0  startup_stm32f40_41xxx.o(.text)
    FLASH_IRQHandler                         0x080102a3   Thumb Code     0  startup_stm32f40_41xxx.o(.text)
    FPU_IRQHandler                           0x080102a3   Thumb Code     0  startup_stm32f40_41xxx.o(.text)
    FSMC_IRQHandler                          0x080102a3   Thumb Code     0  startup_stm32f40_41xxx.o(.text)
    HASH_RNG_IRQHandler                      0x080102a3   Thumb Code     0  startup_stm32f40_41xxx.o(.text)
    I2C1_ER_IRQHandler                       0x080102a3   Thumb Code     0  startup_stm32f40_41xxx.o(.text)
    I2C1_EV_IRQHandler                       0x080102a3   Thumb Code     0  startup_stm32f40_41xxx.o(.text)
    I2C2_ER_IRQHandler                       0x080102a3   Thumb Code     0  startup_stm32f40_41xxx.o(.text)
    I2C2_EV_IRQHandler                       0x080102a3   Thumb Code     0  startup_stm32f40_41xxx.o(.text)
    I2C3_ER_IRQHandler                       0x080102a3   Thumb Code     0  startup_stm32f40_41xxx.o(.text)
    I2C3_EV_IRQHandler                       0x080102a3   Thumb Code     0  startup_stm32f40_41xxx.o(.text)
    OTG_FS_IRQHandler                        0x080102a3   Thumb Code     0  startup_stm32f40_41xxx.o(.text)
    OTG_FS_WKUP_IRQHandler                   0x080102a3   Thumb Code     0  startup_stm32f40_41xxx.o(.text)
    OTG_HS_EP1_IN_IRQHandler                 0x080102a3   Thumb Code     0  startup_stm32f40_41xxx.o(.text)
    OTG_HS_EP1_OUT_IRQHandler                0x080102a3   Thumb Code     0  startup_stm32f40_41xxx.o(.text)
    OTG_HS_IRQHandler                        0x080102a3   Thumb Code     0  startup_stm32f40_41xxx.o(.text)
    OTG_HS_WKUP_IRQHandler                   0x080102a3   Thumb Code     0  startup_stm32f40_41xxx.o(.text)
    PVD_IRQHandler                           0x080102a3   Thumb Code     0  startup_stm32f40_41xxx.o(.text)
    RCC_IRQHandler                           0x080102a3   Thumb Code     0  startup_stm32f40_41xxx.o(.text)
    SDIO_IRQHandler                          0x080102a3   Thumb Code     0  startup_stm32f40_41xxx.o(.text)
    SPI1_IRQHandler                          0x080102a3   Thumb Code     0  startup_stm32f40_41xxx.o(.text)
    SPI2_IRQHandler                          0x080102a3   Thumb Code     0  startup_stm32f40_41xxx.o(.text)
    SPI3_IRQHandler                          0x080102a3   Thumb Code     0  startup_stm32f40_41xxx.o(.text)
    TAMP_STAMP_IRQHandler                    0x080102a3   Thumb Code     0  startup_stm32f40_41xxx.o(.text)
    TIM1_BRK_TIM9_IRQHandler                 0x080102a3   Thumb Code     0  startup_stm32f40_41xxx.o(.text)
    TIM1_CC_IRQHandler                       0x080102a3   Thumb Code     0  startup_stm32f40_41xxx.o(.text)
    TIM1_TRG_COM_TIM11_IRQHandler            0x080102a3   Thumb Code     0  startup_stm32f40_41xxx.o(.text)
    TIM1_UP_TIM10_IRQHandler                 0x080102a3   Thumb Code     0  startup_stm32f40_41xxx.o(.text)
    TIM2_IRQHandler                          0x080102a3   Thumb Code     0  startup_stm32f40_41xxx.o(.text)
    TIM3_IRQHandler                          0x080102a3   Thumb Code     0  startup_stm32f40_41xxx.o(.text)
    TIM5_IRQHandler                          0x080102a3   Thumb Code     0  startup_stm32f40_41xxx.o(.text)
    TIM6_DAC_IRQHandler                      0x080102a3   Thumb Code     0  startup_stm32f40_41xxx.o(.text)
    TIM7_IRQHandler                          0x080102a3   Thumb Code     0  startup_stm32f40_41xxx.o(.text)
    TIM8_BRK_TIM12_IRQHandler                0x080102a3   Thumb Code     0  startup_stm32f40_41xxx.o(.text)
    TIM8_CC_IRQHandler                       0x080102a3   Thumb Code     0  startup_stm32f40_41xxx.o(.text)
    TIM8_TRG_COM_TIM14_IRQHandler            0x080102a3   Thumb Code     0  startup_stm32f40_41xxx.o(.text)
    TIM8_UP_TIM13_IRQHandler                 0x080102a3   Thumb Code     0  startup_stm32f40_41xxx.o(.text)
    UART4_IRQHandler                         0x080102a3   Thumb Code     0  startup_stm32f40_41xxx.o(.text)
    UART5_IRQHandler                         0x080102a3   Thumb Code     0  startup_stm32f40_41xxx.o(.text)
    USART2_IRQHandler                        0x080102a3   Thumb Code     0  startup_stm32f40_41xxx.o(.text)
    USART3_IRQHandler                        0x080102a3   Thumb Code     0  startup_stm32f40_41xxx.o(.text)
    USART6_IRQHandler                        0x080102a3   Thumb Code     0  startup_stm32f40_41xxx.o(.text)
    WWDG_IRQHandler                          0x080102a3   Thumb Code     0  startup_stm32f40_41xxx.o(.text)
    __user_initial_stackheap                 0x080102a5   Thumb Code     0  startup_stm32f40_41xxx.o(.text)
    __use_no_semihosting                     0x080102c5   Thumb Code     2  use_no_semi_2.o(.text)
    __2printf                                0x080102c9   Thumb Code    20  noretval__2printf.o(.text)
    __2sprintf                               0x080102e1   Thumb Code    34  noretval__2sprintf.o(.text)
    _printf_pre_padding                      0x08010309   Thumb Code    44  _printf_pad.o(.text)
    _printf_post_padding                     0x08010335   Thumb Code    34  _printf_pad.o(.text)
    _printf_str                              0x08010357   Thumb Code    82  _printf_str.o(.text)
    _printf_int_dec                          0x080103a9   Thumb Code   104  _printf_dec.o(.text)
    _printf_int_hex                          0x08010421   Thumb Code    84  _printf_hex_int.o(.text)
    _printf_longlong_hex                     0x08010421   Thumb Code     0  _printf_hex_int.o(.text)
    __printf                                 0x08010479   Thumb Code   388  __printf_flags_ss_wp.o(.text)
    __use_two_region_memory                  0x08010601   Thumb Code     2  heapauxi.o(.text)
    __rt_heap_escrow$2region                 0x08010603   Thumb Code     2  heapauxi.o(.text)
    __rt_heap_expand$2region                 0x08010605   Thumb Code     2  heapauxi.o(.text)
    __I$use$semihosting                      0x08010607   Thumb Code     0  use_no_semi.o(.text)
    __use_no_semihosting_swi                 0x08010607   Thumb Code     2  use_no_semi.o(.text)
    _printf_int_common                       0x08010609   Thumb Code   178  _printf_intcommon.o(.text)
    _printf_char_common                      0x080106c7   Thumb Code    32  _printf_char_common.o(.text)
    _sputc                                   0x080106ed   Thumb Code    10  _sputc.o(.text)
    _printf_cs_common                        0x080106f7   Thumb Code    20  _printf_char.o(.text)
    _printf_char                             0x0801070b   Thumb Code    16  _printf_char.o(.text)
    _printf_string                           0x0801071b   Thumb Code     8  _printf_char.o(.text)
    _printf_char_file                        0x08010725   Thumb Code    32  _printf_char_file.o(.text)
    ferror                                   0x08010749   Thumb Code     8  ferror.o(.text)
    __user_setup_stackheap                   0x08010751   Thumb Code    74  sys_stackheap_outer.o(.text)
    exit                                     0x0801079b   Thumb Code    18  exit.o(.text)
    __user_libspace                          0x080107ad   Thumb Code     8  libspace.o(.text)
    __user_perproc_libspace                  0x080107ad   Thumb Code     0  libspace.o(.text)
    __user_perthread_libspace                0x080107ad   Thumb Code     0  libspace.o(.text)
    BusFault_Handler                         0x080107b5   Thumb Code     4  stm32f4xx_it.o(i.BusFault_Handler)
    DebugMon_Handler                         0x080107b9   Thumb Code     2  stm32f4xx_it.o(i.DebugMon_Handler)
    EXTI_ClearITPendingBit                   0x080107bd   Thumb Code     6  stm32f4xx_exti.o(i.EXTI_ClearITPendingBit)
    EXTI_Init                                0x080107c9   Thumb Code   142  stm32f4xx_exti.o(i.EXTI_Init)
    FLASH_DataCacheCmd                       0x0801085d   Thumb Code    30  stm32f4xx_flash.o(i.FLASH_DataCacheCmd)
    FLASH_EraseSector                        0x08010881   Thumb Code   130  stm32f4xx_flash.o(i.FLASH_EraseSector)
    FLASH_GetStatus                          0x08010909   Thumb Code    80  stm32f4xx_flash.o(i.FLASH_GetStatus)
    FLASH_Lock                               0x0801095d   Thumb Code    14  stm32f4xx_flash.o(i.FLASH_Lock)
    FLASH_ProgramWord                        0x08010971   Thumb Code    74  stm32f4xx_flash.o(i.FLASH_ProgramWord)
    FLASH_Unlock                             0x080109c1   Thumb Code    24  stm32f4xx_flash.o(i.FLASH_Unlock)
    FLASH_WaitForLastOperation               0x080109e5   Thumb Code    34  stm32f4xx_flash.o(i.FLASH_WaitForLastOperation)
    GPIO_Init                                0x08010a07   Thumb Code   144  stm32f4xx_gpio.o(i.GPIO_Init)
    GPIO_PinAFConfig                         0x08010a97   Thumb Code    70  stm32f4xx_gpio.o(i.GPIO_PinAFConfig)
    GPIO_SetBits                             0x08010add   Thumb Code     4  stm32f4xx_gpio.o(i.GPIO_SetBits)
    HardFault_Handler                        0x08010ae1   Thumb Code     4  stm32f4xx_it.o(i.HardFault_Handler)
    LED_Init                                 0x08010ae5   Thumb Code    60  led.o(i.LED_Init)
    MemManage_Handler                        0x08010b25   Thumb Code     4  stm32f4xx_it.o(i.MemManage_Handler)
    My_RTC_Init                              0x08010b29   Thumb Code   138  rtc.o(i.My_RTC_Init)
    NMI_Handler                              0x08010bb3   Thumb Code     2  stm32f4xx_it.o(i.NMI_Handler)
    NVIC_Init                                0x08010bb5   Thumb Code   106  misc.o(i.NVIC_Init)
    NVIC_PriorityGroupConfig                 0x08010c2d   Thumb Code    10  misc.o(i.NVIC_PriorityGroupConfig)
    PWR_BackupAccessCmd                      0x08010c41   Thumb Code     6  stm32f4xx_pwr.o(i.PWR_BackupAccessCmd)
    PendSV_Handler                           0x08010c4d   Thumb Code     2  stm32f4xx_it.o(i.PendSV_Handler)
    RCC_AHB1PeriphClockCmd                   0x08010c51   Thumb Code    26  stm32f4xx_rcc.o(i.RCC_AHB1PeriphClockCmd)
    RCC_APB1PeriphClockCmd                   0x08010c71   Thumb Code    26  stm32f4xx_rcc.o(i.RCC_APB1PeriphClockCmd)
    RCC_APB2PeriphClockCmd                   0x08010c91   Thumb Code    26  stm32f4xx_rcc.o(i.RCC_APB2PeriphClockCmd)
    RCC_GetClocksFreq                        0x08010cb1   Thumb Code   214  stm32f4xx_rcc.o(i.RCC_GetClocksFreq)
    RCC_GetFlagStatus                        0x08010d99   Thumb Code    60  stm32f4xx_rcc.o(i.RCC_GetFlagStatus)
    RCC_LSEConfig                            0x08010dd9   Thumb Code    40  stm32f4xx_rcc.o(i.RCC_LSEConfig)
    RCC_RTCCLKCmd                            0x08010e05   Thumb Code     6  stm32f4xx_rcc.o(i.RCC_RTCCLKCmd)
    RCC_RTCCLKConfig                         0x08010e11   Thumb Code    50  stm32f4xx_rcc.o(i.RCC_RTCCLKConfig)
    RTC_AlarmCmd                             0x08010e4d   Thumb Code   112  stm32f4xx_rtc.o(i.RTC_AlarmCmd)
    RTC_Alarm_IRQHandler                     0x08010ec1   Thumb Code    36  rtc.o(i.RTC_Alarm_IRQHandler)
    RTC_ClearFlag                            0x08010f25   Thumb Code    24  stm32f4xx_rtc.o(i.RTC_ClearFlag)
    RTC_ClearITPendingBit                    0x08010f41   Thumb Code    28  stm32f4xx_rtc.o(i.RTC_ClearITPendingBit)
    RTC_EnterInitMode                        0x08010f61   Thumb Code    76  stm32f4xx_rtc.o(i.RTC_EnterInitMode)
    RTC_ExitInitMode                         0x08010fb1   Thumb Code    14  stm32f4xx_rtc.o(i.RTC_ExitInitMode)
    RTC_GetDate                              0x08010fc5   Thumb Code    68  stm32f4xx_rtc.o(i.RTC_GetDate)
    RTC_GetFlagStatus                        0x08011011   Thumb Code    32  stm32f4xx_rtc.o(i.RTC_GetFlagStatus)
    RTC_GetTime                              0x08011039   Thumb Code    72  stm32f4xx_rtc.o(i.RTC_GetTime)
    RTC_ITConfig                             0x08011089   Thumb Code    94  stm32f4xx_rtc.o(i.RTC_ITConfig)
    RTC_Init                                 0x080110ed   Thumb Code    94  stm32f4xx_rtc.o(i.RTC_Init)
    RTC_ReadBackupRegister                   0x08011151   Thumb Code    26  stm32f4xx_rtc.o(i.RTC_ReadBackupRegister)
    RTC_SetAlarm                             0x08011171   Thumb Code   230  stm32f4xx_rtc.o(i.RTC_SetAlarm)
    RTC_SetDate                              0x0801125d   Thumb Code   190  stm32f4xx_rtc.o(i.RTC_SetDate)
    RTC_SetTime                              0x08011325   Thumb Code   198  stm32f4xx_rtc.o(i.RTC_SetTime)
    RTC_SetWakeUpCounter                     0x080113f5   Thumb Code    22  stm32f4xx_rtc.o(i.RTC_SetWakeUpCounter)
    RTC_Set_AlarmA                           0x08011411   Thumb Code   158  rtc.o(i.RTC_Set_AlarmA)
    RTC_Set_Date                             0x080114b5   Thumb Code    36  rtc.o(i.RTC_Set_Date)
    RTC_Set_Time                             0x080114d9   Thumb Code    36  rtc.o(i.RTC_Set_Time)
    RTC_Set_WakeUp                           0x080114fd   Thumb Code   108  rtc.o(i.RTC_Set_WakeUp)
    RTC_WKUP_IRQHandler                      0x0801156d   Thumb Code    46  rtc.o(i.RTC_WKUP_IRQHandler)
    RTC_WaitForSynchro                       0x080115a1   Thumb Code    92  stm32f4xx_rtc.o(i.RTC_WaitForSynchro)
    RTC_WakeUpClockConfig                    0x08011601   Thumb Code    42  stm32f4xx_rtc.o(i.RTC_WakeUpClockConfig)
    RTC_WakeUpCmd                            0x08011631   Thumb Code   116  stm32f4xx_rtc.o(i.RTC_WakeUpCmd)
    RTC_WriteBackupRegister                  0x080116a9   Thumb Code    24  stm32f4xx_rtc.o(i.RTC_WriteBackupRegister)
    STM32FLASH_write_appbin                  0x080116c5   Thumb Code   108  stmflash.o(i.STM32FLASH_write_appbin)
    STMFLASH_GetFlashSector                  0x08011731   Thumb Code   116  stmflash.o(i.STMFLASH_GetFlashSector)
    STMFLASH_ReadWord                        0x080117d1   Thumb Code     6  stmflash.o(i.STMFLASH_ReadWord)
    STMFLASH_Write                           0x080117d9   Thumb Code   146  stmflash.o(i.STMFLASH_Write)
    SVC_Handler                              0x08011871   Thumb Code     2  stm32f4xx_it.o(i.SVC_Handler)
    SysTick_CLKSourceConfig                  0x08011961   Thumb Code    40  misc.o(i.SysTick_CLKSourceConfig)
    SysTick_Handler                          0x08011989   Thumb Code     2  stm32f4xx_it.o(i.SysTick_Handler)
    SystemInit                               0x0801198d   Thumb Code    88  system_stm32f4xx.o(i.SystemInit)
    TIM4_IRQHandler                          0x080119f5   Thumb Code    46  usmart.o(i.TIM4_IRQHandler)
    TIM_ClearFlag                            0x08011a2d   Thumb Code     6  stm32f4xx_tim.o(i.TIM_ClearFlag)
    TIM_ClearITPendingBit                    0x08011a33   Thumb Code     6  stm32f4xx_tim.o(i.TIM_ClearITPendingBit)
    TIM_Cmd                                  0x08011a39   Thumb Code    24  stm32f4xx_tim.o(i.TIM_Cmd)
    TIM_GetCounter                           0x08011a51   Thumb Code     6  stm32f4xx_tim.o(i.TIM_GetCounter)
    TIM_GetFlagStatus                        0x08011a57   Thumb Code    18  stm32f4xx_tim.o(i.TIM_GetFlagStatus)
    TIM_GetITStatus                          0x08011a69   Thumb Code    34  stm32f4xx_tim.o(i.TIM_GetITStatus)
    TIM_ITConfig                             0x08011a8b   Thumb Code    18  stm32f4xx_tim.o(i.TIM_ITConfig)
    TIM_SetAutoreload                        0x08011a9d   Thumb Code     4  stm32f4xx_tim.o(i.TIM_SetAutoreload)
    TIM_SetCounter                           0x08011aa1   Thumb Code     4  stm32f4xx_tim.o(i.TIM_SetCounter)
    TIM_TimeBaseInit                         0x08011aa5   Thumb Code   104  stm32f4xx_tim.o(i.TIM_TimeBaseInit)
    Timer4_Init                              0x08011b29   Thumb Code    86  usmart.o(i.Timer4_Init)
    USART1_IRQHandler                        0x08011b85   Thumb Code    52  usart.o(i.USART1_IRQHandler)
    USART_Cmd                                0x08011bc5   Thumb Code    24  stm32f4xx_usart.o(i.USART_Cmd)
    USART_GetITStatus                        0x08011bdd   Thumb Code    84  stm32f4xx_usart.o(i.USART_GetITStatus)
    USART_ITConfig                           0x08011c31   Thumb Code    74  stm32f4xx_usart.o(i.USART_ITConfig)
    USART_Init                               0x08011c7d   Thumb Code   204  stm32f4xx_usart.o(i.USART_Init)
    USART_ReceiveData                        0x08011d51   Thumb Code    10  stm32f4xx_usart.o(i.USART_ReceiveData)
    UsageFault_Handler                       0x08011d5b   Thumb Code     4  stm32f4xx_it.o(i.UsageFault_Handler)
    _is_digit                                0x08011d5f   Thumb Code    14  __printf_wp.o(i._is_digit)
    _sys_exit                                0x08011d6d   Thumb Code     4  usart.o(i._sys_exit)
    check_receive_finish                     0x08011d71   Thumb Code    56  usart.o(i.check_receive_finish)
    crc16                                    0x08011db1   Thumb Code    48  usart.o(i.crc16)
    delay_init                               0x08011de9   Thumb Code    52  delay.o(i.delay_init)
    delay_ms                                 0x08011e25   Thumb Code    56  delay.o(i.delay_ms)
    delay_us                                 0x08011e5d   Thumb Code    72  delay.o(i.delay_us)
    delay_xms                                0x08011ea9   Thumb Code    72  delay.o(i.delay_xms)
    fputc                                    0x08011ef5   Thumb Code    22  usart.o(i.fputc)
    main                                     0x08011f11   Thumb Code   340  main.o(i.main)
    read_addr                                0x08012125   Thumb Code     6  usmart.o(i.read_addr)
    uart_init                                0x0801212d   Thumb Code   164  usart.o(i.uart_init)
    usmart_cmd_rec                           0x080121d9   Thumb Code   170  usmart.o(i.usmart_cmd_rec)
    usmart_exe                               0x08012289   Thumb Code   632  usmart.o(i.usmart_exe)
    usmart_get_aparm                         0x0801255d   Thumb Code   200  usmart_str.o(i.usmart_get_aparm)
    usmart_get_cmdname                       0x08012625   Thumb Code    54  usmart_str.o(i.usmart_get_cmdname)
    usmart_get_fname                         0x0801265d   Thumb Code   440  usmart_str.o(i.usmart_get_fname)
    usmart_get_fparam                        0x0801281d   Thumb Code   262  usmart_str.o(i.usmart_get_fparam)
    usmart_get_parmpos                       0x08012929   Thumb Code    26  usmart_str.o(i.usmart_get_parmpos)
    usmart_get_runtime                       0x08012949   Thumb Code    60  usmart.o(i.usmart_get_runtime)
    usmart_init                              0x0801298d   Thumb Code    36  usmart.o(i.usmart_init)
    usmart_pow                               0x080129b5   Thumb Code    22  usmart_str.o(i.usmart_pow)
    usmart_reset_runtime                     0x080129cd   Thumb Code    38  usmart.o(i.usmart_reset_runtime)
    usmart_scan                              0x080129fd   Thumb Code   120  usmart.o(i.usmart_scan)
    usmart_search_nextc                      0x08012ab9   Thumb Code    22  usmart_str.o(i.usmart_search_nextc)
    usmart_str2num                           0x08012acf   Thumb Code   202  usmart_str.o(i.usmart_str2num)
    usmart_strcmp                            0x08012b99   Thumb Code    34  usmart_str.o(i.usmart_strcmp)
    usmart_strcopy                           0x08012bbb   Thumb Code    22  usmart_str.o(i.usmart_strcopy)
    usmart_strlen                            0x08012bd1   Thumb Code    24  usmart_str.o(i.usmart_strlen)
    usmart_sys_cmd_exe                       0x08012be9   Thumb Code  1554  usmart.o(i.usmart_sys_cmd_exe)
    write_addr                               0x080132cd   Thumb Code     4  usmart.o(i.write_addr)
    _fp_init                                 0x080132d1   Thumb Code    10  fpinit.o(x$fpl$fpinit)
    __fplib_config_fpu_vfp                   0x080132d9   Thumb Code     0  fpinit.o(x$fpl$fpinit)
    __fplib_config_pureend_doubles           0x080132d9   Thumb Code     0  fpinit.o(x$fpl$fpinit)
    Region$$Table$$Base                      0x08013474   Number         0  anon$$obj.o(Region$$Table)
    Region$$Table$$Limit                     0x08013494   Number         0  anon$$obj.o(Region$$Table)
    NVIC_InitStructure                       0x20000000   Data           4  rtc.o(.data)
    __stdout                                 0x20000008   Data           4  usart.o(.data)
    USART_RX_STA                             0x2000000c   Data           2  usart.o(.data)
    USART_RX_CNT                             0x20000010   Data           4  usart.o(.data)
    sys_cmd_tab                              0x20000228   Data          28  usmart.o(.data)
    usmart_nametab                           0x20000244   Data          64  usmart_config.o(.data)
    usmart_dev                               0x20000284   Data         244  usmart_config.o(.data)
    USART_RX_BUF                             0x20000378   Data       10240  usart.o(.bss)
    __libspace_start                         0x20002b78   Data          96  libspace.o(.bss)
    __temporary_stack_top$libspace           0x20002bd8   Data           0  libspace.o(.bss)



==============================================================================

Memory Map of the image

  Image Entry point : 0x08010189

  Load Region LR_IROM1 (Base: 0x08010000, Size: 0x0000380c, Max: 0x00078000, ABSOLUTE, COMPRESSED[0x00003628])

    Execution Region ER_IROM1 (Exec base: 0x08010000, Load base: 0x08010000, Size: 0x00003494, Max: 0x00078000, ABSOLUTE)

    Exec Addr    Load Addr    Size         Type   Attr      Idx    E Section Name        Object

    0x08010000   0x08010000   0x00000188   Data   RO          765    RESET               startup_stm32f40_41xxx.o
    0x08010188   0x08010188   0x00000008   Code   RO         3229  * !!!main             c_w.l(__main.o)
    0x08010190   0x08010190   0x00000034   Code   RO         3420    !!!scatter          c_w.l(__scatter.o)
    0x080101c4   0x080101c4   0x0000005a   Code   RO         3418    !!dczerorl2         c_w.l(__dczerorl2.o)
    0x0801021e   0x0801021e   0x00000002   PAD
    0x08010220   0x08010220   0x0000001c   Code   RO         3422    !!handler_zi        c_w.l(__scatter_zi.o)
    0x0801023c   0x0801023c   0x00000000   Code   RO         3226    .ARM.Collect$$_printf_percent$$00000000  c_w.l(_printf_percent.o)
    0x0801023c   0x0801023c   0x00000006   Code   RO         3224    .ARM.Collect$$_printf_percent$$00000009  c_w.l(_printf_d.o)
    0x08010242   0x08010242   0x00000006   Code   RO         3225    .ARM.Collect$$_printf_percent$$0000000A  c_w.l(_printf_u.o)
    0x08010248   0x08010248   0x00000006   Code   RO         3223    .ARM.Collect$$_printf_percent$$0000000C  c_w.l(_printf_x.o)
    0x0801024e   0x0801024e   0x00000006   Code   RO         3221    .ARM.Collect$$_printf_percent$$00000013  c_w.l(_printf_c.o)
    0x08010254   0x08010254   0x00000006   Code   RO         3222    .ARM.Collect$$_printf_percent$$00000014  c_w.l(_printf_s.o)
    0x0801025a   0x0801025a   0x00000004   Code   RO         3256    .ARM.Collect$$_printf_percent$$00000017  c_w.l(_printf_percent_end.o)
    0x0801025e   0x0801025e   0x00000002   Code   RO         3292    .ARM.Collect$$libinit$$00000000  c_w.l(libinit.o)
    0x08010260   0x08010260   0x00000004   Code   RO         3298    .ARM.Collect$$libinit$$00000001  c_w.l(libinit2.o)
    0x08010264   0x08010264   0x00000000   Code   RO         3301    .ARM.Collect$$libinit$$00000004  c_w.l(libinit2.o)
    0x08010264   0x08010264   0x00000000   Code   RO         3304    .ARM.Collect$$libinit$$0000000A  c_w.l(libinit2.o)
    0x08010264   0x08010264   0x00000000   Code   RO         3306    .ARM.Collect$$libinit$$0000000C  c_w.l(libinit2.o)
    0x08010264   0x08010264   0x00000000   Code   RO         3308    .ARM.Collect$$libinit$$0000000E  c_w.l(libinit2.o)
    0x08010264   0x08010264   0x00000000   Code   RO         3311    .ARM.Collect$$libinit$$00000011  c_w.l(libinit2.o)
    0x08010264   0x08010264   0x00000000   Code   RO         3313    .ARM.Collect$$libinit$$00000013  c_w.l(libinit2.o)
    0x08010264   0x08010264   0x00000000   Code   RO         3315    .ARM.Collect$$libinit$$00000015  c_w.l(libinit2.o)
    0x08010264   0x08010264   0x00000000   Code   RO         3317    .ARM.Collect$$libinit$$00000017  c_w.l(libinit2.o)
    0x08010264   0x08010264   0x00000000   Code   RO         3319    .ARM.Collect$$libinit$$00000019  c_w.l(libinit2.o)
    0x08010264   0x08010264   0x00000000   Code   RO         3321    .ARM.Collect$$libinit$$0000001B  c_w.l(libinit2.o)
    0x08010264   0x08010264   0x00000000   Code   RO         3323    .ARM.Collect$$libinit$$0000001D  c_w.l(libinit2.o)
    0x08010264   0x08010264   0x00000000   Code   RO         3325    .ARM.Collect$$libinit$$0000001F  c_w.l(libinit2.o)
    0x08010264   0x08010264   0x00000000   Code   RO         3327    .ARM.Collect$$libinit$$00000021  c_w.l(libinit2.o)
    0x08010264   0x08010264   0x00000000   Code   RO         3329    .ARM.Collect$$libinit$$00000023  c_w.l(libinit2.o)
    0x08010264   0x08010264   0x00000000   Code   RO         3331    .ARM.Collect$$libinit$$00000025  c_w.l(libinit2.o)
    0x08010264   0x08010264   0x00000000   Code   RO         3335    .ARM.Collect$$libinit$$0000002C  c_w.l(libinit2.o)
    0x08010264   0x08010264   0x00000000   Code   RO         3337    .ARM.Collect$$libinit$$0000002E  c_w.l(libinit2.o)
    0x08010264   0x08010264   0x00000000   Code   RO         3339    .ARM.Collect$$libinit$$00000030  c_w.l(libinit2.o)
    0x08010264   0x08010264   0x00000000   Code   RO         3341    .ARM.Collect$$libinit$$00000032  c_w.l(libinit2.o)
    0x08010264   0x08010264   0x00000002   Code   RO         3342    .ARM.Collect$$libinit$$00000033  c_w.l(libinit2.o)
    0x08010266   0x08010266   0x00000002   Code   RO         3360    .ARM.Collect$$libshutdown$$00000000  c_w.l(libshutdown.o)
    0x08010268   0x08010268   0x00000000   Code   RO         3370    .ARM.Collect$$libshutdown$$00000002  c_w.l(libshutdown2.o)
    0x08010268   0x08010268   0x00000000   Code   RO         3372    .ARM.Collect$$libshutdown$$00000004  c_w.l(libshutdown2.o)
    0x08010268   0x08010268   0x00000000   Code   RO         3375    .ARM.Collect$$libshutdown$$00000007  c_w.l(libshutdown2.o)
    0x08010268   0x08010268   0x00000000   Code   RO         3378    .ARM.Collect$$libshutdown$$0000000A  c_w.l(libshutdown2.o)
    0x08010268   0x08010268   0x00000000   Code   RO         3380    .ARM.Collect$$libshutdown$$0000000C  c_w.l(libshutdown2.o)
    0x08010268   0x08010268   0x00000000   Code   RO         3383    .ARM.Collect$$libshutdown$$0000000F  c_w.l(libshutdown2.o)
    0x08010268   0x08010268   0x00000002   Code   RO         3384    .ARM.Collect$$libshutdown$$00000010  c_w.l(libshutdown2.o)
    0x0801026a   0x0801026a   0x00000000   Code   RO         3245    .ARM.Collect$$rtentry$$00000000  c_w.l(__rtentry.o)
    0x0801026a   0x0801026a   0x00000000   Code   RO         3263    .ARM.Collect$$rtentry$$00000002  c_w.l(__rtentry2.o)
    0x0801026a   0x0801026a   0x00000006   Code   RO         3275    .ARM.Collect$$rtentry$$00000004  c_w.l(__rtentry4.o)
    0x08010270   0x08010270   0x00000000   Code   RO         3265    .ARM.Collect$$rtentry$$00000009  c_w.l(__rtentry2.o)
    0x08010270   0x08010270   0x00000004   Code   RO         3266    .ARM.Collect$$rtentry$$0000000A  c_w.l(__rtentry2.o)
    0x08010274   0x08010274   0x00000000   Code   RO         3268    .ARM.Collect$$rtentry$$0000000C  c_w.l(__rtentry2.o)
    0x08010274   0x08010274   0x00000008   Code   RO         3269    .ARM.Collect$$rtentry$$0000000D  c_w.l(__rtentry2.o)
    0x0801027c   0x0801027c   0x00000002   Code   RO         3296    .ARM.Collect$$rtexit$$00000000  c_w.l(rtexit.o)
    0x0801027e   0x0801027e   0x00000000   Code   RO         3344    .ARM.Collect$$rtexit$$00000002  c_w.l(rtexit2.o)
    0x0801027e   0x0801027e   0x00000004   Code   RO         3345    .ARM.Collect$$rtexit$$00000003  c_w.l(rtexit2.o)
    0x08010282   0x08010282   0x00000006   Code   RO         3346    .ARM.Collect$$rtexit$$00000004  c_w.l(rtexit2.o)
    0x08010288   0x08010288   0x0000003c   Code   RO          766    .text               startup_stm32f40_41xxx.o
    0x080102c4   0x080102c4   0x00000002   Code   RO         3162    .text               c_w.l(use_no_semi_2.o)
    0x080102c6   0x080102c6   0x00000002   PAD
    0x080102c8   0x080102c8   0x00000018   Code   RO         3168    .text               c_w.l(noretval__2printf.o)
    0x080102e0   0x080102e0   0x00000028   Code   RO         3170    .text               c_w.l(noretval__2sprintf.o)
    0x08010308   0x08010308   0x0000004e   Code   RO         3174    .text               c_w.l(_printf_pad.o)
    0x08010356   0x08010356   0x00000052   Code   RO         3176    .text               c_w.l(_printf_str.o)
    0x080103a8   0x080103a8   0x00000078   Code   RO         3178    .text               c_w.l(_printf_dec.o)
    0x08010420   0x08010420   0x00000058   Code   RO         3183    .text               c_w.l(_printf_hex_int.o)
    0x08010478   0x08010478   0x00000188   Code   RO         3218    .text               c_w.l(__printf_flags_ss_wp.o)
    0x08010600   0x08010600   0x00000006   Code   RO         3227    .text               c_w.l(heapauxi.o)
    0x08010606   0x08010606   0x00000002   Code   RO         3243    .text               c_w.l(use_no_semi.o)
    0x08010608   0x08010608   0x000000b2   Code   RO         3246    .text               c_w.l(_printf_intcommon.o)
    0x080106ba   0x080106ba   0x00000002   PAD
    0x080106bc   0x080106bc   0x00000030   Code   RO         3248    .text               c_w.l(_printf_char_common.o)
    0x080106ec   0x080106ec   0x0000000a   Code   RO         3250    .text               c_w.l(_sputc.o)
    0x080106f6   0x080106f6   0x0000002c   Code   RO         3252    .text               c_w.l(_printf_char.o)
    0x08010722   0x08010722   0x00000002   PAD
    0x08010724   0x08010724   0x00000024   Code   RO         3254    .text               c_w.l(_printf_char_file.o)
    0x08010748   0x08010748   0x00000008   Code   RO         3279    .text               c_w.l(ferror.o)
    0x08010750   0x08010750   0x0000004a   Code   RO         3283    .text               c_w.l(sys_stackheap_outer.o)
    0x0801079a   0x0801079a   0x00000012   Code   RO         3285    .text               c_w.l(exit.o)
    0x080107ac   0x080107ac   0x00000008   Code   RO         3293    .text               c_w.l(libspace.o)
    0x080107b4   0x080107b4   0x00000004   Code   RO          161    i.BusFault_Handler  stm32f4xx_it.o
    0x080107b8   0x080107b8   0x00000002   Code   RO          162    i.DebugMon_Handler  stm32f4xx_it.o
    0x080107ba   0x080107ba   0x00000002   PAD
    0x080107bc   0x080107bc   0x0000000c   Code   RO         2540    i.EXTI_ClearITPendingBit  stm32f4xx_exti.o
    0x080107c8   0x080107c8   0x00000094   Code   RO         2545    i.EXTI_Init         stm32f4xx_exti.o
    0x0801085c   0x0801085c   0x00000024   Code   RO         2724    i.FLASH_DataCacheCmd  stm32f4xx_flash.o
    0x08010880   0x08010880   0x00000088   Code   RO         2729    i.FLASH_EraseSector  stm32f4xx_flash.o
    0x08010908   0x08010908   0x00000054   Code   RO         2731    i.FLASH_GetStatus   stm32f4xx_flash.o
    0x0801095c   0x0801095c   0x00000014   Code   RO         2735    i.FLASH_Lock        stm32f4xx_flash.o
    0x08010970   0x08010970   0x00000050   Code   RO         2759    i.FLASH_ProgramWord  stm32f4xx_flash.o
    0x080109c0   0x080109c0   0x00000024   Code   RO         2761    i.FLASH_Unlock      stm32f4xx_flash.o
    0x080109e4   0x080109e4   0x00000022   Code   RO         2762    i.FLASH_WaitForLastOperation  stm32f4xx_flash.o
    0x08010a06   0x08010a06   0x00000090   Code   RO          817    i.GPIO_Init         stm32f4xx_gpio.o
    0x08010a96   0x08010a96   0x00000046   Code   RO          818    i.GPIO_PinAFConfig  stm32f4xx_gpio.o
    0x08010adc   0x08010adc   0x00000004   Code   RO          825    i.GPIO_SetBits      stm32f4xx_gpio.o
    0x08010ae0   0x08010ae0   0x00000004   Code   RO          163    i.HardFault_Handler  stm32f4xx_it.o
    0x08010ae4   0x08010ae4   0x00000040   Code   RO          295    i.LED_Init          led.o
    0x08010b24   0x08010b24   0x00000004   Code   RO          164    i.MemManage_Handler  stm32f4xx_it.o
    0x08010b28   0x08010b28   0x0000008a   Code   RO          537    i.My_RTC_Init       rtc.o
    0x08010bb2   0x08010bb2   0x00000002   Code   RO          165    i.NMI_Handler       stm32f4xx_it.o
    0x08010bb4   0x08010bb4   0x00000078   Code   RO          772    i.NVIC_Init         misc.o
    0x08010c2c   0x08010c2c   0x00000014   Code   RO          773    i.NVIC_PriorityGroupConfig  misc.o
    0x08010c40   0x08010c40   0x0000000c   Code   RO         2601    i.PWR_BackupAccessCmd  stm32f4xx_pwr.o
    0x08010c4c   0x08010c4c   0x00000002   Code   RO          166    i.PendSV_Handler    stm32f4xx_it.o
    0x08010c4e   0x08010c4e   0x00000002   PAD
    0x08010c50   0x08010c50   0x00000020   Code   RO         1045    i.RCC_AHB1PeriphClockCmd  stm32f4xx_rcc.o
    0x08010c70   0x08010c70   0x00000020   Code   RO         1054    i.RCC_APB1PeriphClockCmd  stm32f4xx_rcc.o
    0x08010c90   0x08010c90   0x00000020   Code   RO         1057    i.RCC_APB2PeriphClockCmd  stm32f4xx_rcc.o
    0x08010cb0   0x08010cb0   0x000000e8   Code   RO         1066    i.RCC_GetClocksFreq  stm32f4xx_rcc.o
    0x08010d98   0x08010d98   0x00000040   Code   RO         1067    i.RCC_GetFlagStatus  stm32f4xx_rcc.o
    0x08010dd8   0x08010dd8   0x0000002c   Code   RO         1075    i.RCC_LSEConfig     stm32f4xx_rcc.o
    0x08010e04   0x08010e04   0x0000000c   Code   RO         1089    i.RCC_RTCCLKCmd     stm32f4xx_rcc.o
    0x08010e10   0x08010e10   0x0000003c   Code   RO         1090    i.RCC_RTCCLKConfig  stm32f4xx_rcc.o
    0x08010e4c   0x08010e4c   0x00000074   Code   RO         1623    i.RTC_AlarmCmd      stm32f4xx_rtc.o
    0x08010ec0   0x08010ec0   0x00000030   Code   RO          538    i.RTC_Alarm_IRQHandler  rtc.o
    0x08010ef0   0x08010ef0   0x00000016   Code   RO         1626    i.RTC_Bcd2ToByte    stm32f4xx_rtc.o
    0x08010f06   0x08010f06   0x0000001c   Code   RO         1628    i.RTC_ByteToBcd2    stm32f4xx_rtc.o
    0x08010f22   0x08010f22   0x00000002   PAD
    0x08010f24   0x08010f24   0x0000001c   Code   RO         1631    i.RTC_ClearFlag     stm32f4xx_rtc.o
    0x08010f40   0x08010f40   0x00000020   Code   RO         1632    i.RTC_ClearITPendingBit  stm32f4xx_rtc.o
    0x08010f60   0x08010f60   0x00000050   Code   RO         1638    i.RTC_EnterInitMode  stm32f4xx_rtc.o
    0x08010fb0   0x08010fb0   0x00000014   Code   RO         1639    i.RTC_ExitInitMode  stm32f4xx_rtc.o
    0x08010fc4   0x08010fc4   0x0000004c   Code   RO         1642    i.RTC_GetDate       stm32f4xx_rtc.o
    0x08011010   0x08011010   0x00000028   Code   RO         1643    i.RTC_GetFlagStatus  stm32f4xx_rtc.o
    0x08011038   0x08011038   0x00000050   Code   RO         1647    i.RTC_GetTime       stm32f4xx_rtc.o
    0x08011088   0x08011088   0x00000064   Code   RO         1651    i.RTC_ITConfig      stm32f4xx_rtc.o
    0x080110ec   0x080110ec   0x00000064   Code   RO         1652    i.RTC_Init          stm32f4xx_rtc.o
    0x08011150   0x08011150   0x00000020   Code   RO         1655    i.RTC_ReadBackupRegister  stm32f4xx_rtc.o
    0x08011170   0x08011170   0x000000ec   Code   RO         1657    i.RTC_SetAlarm      stm32f4xx_rtc.o
    0x0801125c   0x0801125c   0x000000c8   Code   RO         1658    i.RTC_SetDate       stm32f4xx_rtc.o
    0x08011324   0x08011324   0x000000d0   Code   RO         1659    i.RTC_SetTime       stm32f4xx_rtc.o
    0x080113f4   0x080113f4   0x0000001c   Code   RO         1660    i.RTC_SetWakeUpCounter  stm32f4xx_rtc.o
    0x08011410   0x08011410   0x000000a4   Code   RO          539    i.RTC_Set_AlarmA    rtc.o
    0x080114b4   0x080114b4   0x00000024   Code   RO          540    i.RTC_Set_Date      rtc.o
    0x080114d8   0x080114d8   0x00000024   Code   RO          541    i.RTC_Set_Time      rtc.o
    0x080114fc   0x080114fc   0x00000070   Code   RO          542    i.RTC_Set_WakeUp    rtc.o
    0x0801156c   0x0801156c   0x00000034   Code   RO          543    i.RTC_WKUP_IRQHandler  rtc.o
    0x080115a0   0x080115a0   0x00000060   Code   RO         1675    i.RTC_WaitForSynchro  stm32f4xx_rtc.o
    0x08011600   0x08011600   0x00000030   Code   RO         1676    i.RTC_WakeUpClockConfig  stm32f4xx_rtc.o
    0x08011630   0x08011630   0x00000078   Code   RO         1677    i.RTC_WakeUpCmd     stm32f4xx_rtc.o
    0x080116a8   0x080116a8   0x0000001c   Code   RO         1678    i.RTC_WriteBackupRegister  stm32f4xx_rtc.o
    0x080116c4   0x080116c4   0x0000006c   Code   RO          596    i.STM32FLASH_write_appbin  stmflash.o
    0x08011730   0x08011730   0x000000a0   Code   RO          597    i.STMFLASH_GetFlashSector  stmflash.o
    0x080117d0   0x080117d0   0x00000006   Code   RO          600    i.STMFLASH_ReadWord  stmflash.o
    0x080117d6   0x080117d6   0x00000002   PAD
    0x080117d8   0x080117d8   0x00000098   Code   RO          601    i.STMFLASH_Write    stmflash.o
    0x08011870   0x08011870   0x00000002   Code   RO          167    i.SVC_Handler       stm32f4xx_it.o
    0x08011872   0x08011872   0x00000002   PAD
    0x08011874   0x08011874   0x000000ec   Code   RO          258    i.SetSysClock       system_stm32f4xx.o
    0x08011960   0x08011960   0x00000028   Code   RO          776    i.SysTick_CLKSourceConfig  misc.o
    0x08011988   0x08011988   0x00000002   Code   RO          168    i.SysTick_Handler   stm32f4xx_it.o
    0x0801198a   0x0801198a   0x00000002   PAD
    0x0801198c   0x0801198c   0x00000068   Code   RO          260    i.SystemInit        system_stm32f4xx.o
    0x080119f4   0x080119f4   0x00000038   Code   RO         2977    i.TIM4_IRQHandler   usmart.o
    0x08011a2c   0x08011a2c   0x00000006   Code   RO         1987    i.TIM_ClearFlag     stm32f4xx_tim.o
    0x08011a32   0x08011a32   0x00000006   Code   RO         1988    i.TIM_ClearITPendingBit  stm32f4xx_tim.o
    0x08011a38   0x08011a38   0x00000018   Code   RO         1993    i.TIM_Cmd           stm32f4xx_tim.o
    0x08011a50   0x08011a50   0x00000006   Code   RO         2012    i.TIM_GetCounter    stm32f4xx_tim.o
    0x08011a56   0x08011a56   0x00000012   Code   RO         2013    i.TIM_GetFlagStatus  stm32f4xx_tim.o
    0x08011a68   0x08011a68   0x00000022   Code   RO         2014    i.TIM_GetITStatus   stm32f4xx_tim.o
    0x08011a8a   0x08011a8a   0x00000012   Code   RO         2018    i.TIM_ITConfig      stm32f4xx_tim.o
    0x08011a9c   0x08011a9c   0x00000004   Code   RO         2053    i.TIM_SetAutoreload  stm32f4xx_tim.o
    0x08011aa0   0x08011aa0   0x00000004   Code   RO         2059    i.TIM_SetCounter    stm32f4xx_tim.o
    0x08011aa4   0x08011aa4   0x00000084   Code   RO         2065    i.TIM_TimeBaseInit  stm32f4xx_tim.o
    0x08011b28   0x08011b28   0x0000005c   Code   RO         2978    i.Timer4_Init       usmart.o
    0x08011b84   0x08011b84   0x00000040   Code   RO          704    i.USART1_IRQHandler  usart.o
    0x08011bc4   0x08011bc4   0x00000018   Code   RO         1439    i.USART_Cmd         stm32f4xx_usart.o
    0x08011bdc   0x08011bdc   0x00000054   Code   RO         1443    i.USART_GetITStatus  stm32f4xx_usart.o
    0x08011c30   0x08011c30   0x0000004a   Code   RO         1445    i.USART_ITConfig    stm32f4xx_usart.o
    0x08011c7a   0x08011c7a   0x00000002   PAD
    0x08011c7c   0x08011c7c   0x000000d4   Code   RO         1446    i.USART_Init        stm32f4xx_usart.o
    0x08011d50   0x08011d50   0x0000000a   Code   RO         1453    i.USART_ReceiveData  stm32f4xx_usart.o
    0x08011d5a   0x08011d5a   0x00000004   Code   RO          169    i.UsageFault_Handler  stm32f4xx_it.o
    0x08011d5e   0x08011d5e   0x0000000e   Code   RO         3211    i._is_digit         c_w.l(__printf_wp.o)
    0x08011d6c   0x08011d6c   0x00000004   Code   RO          705    i._sys_exit         usart.o
    0x08011d70   0x08011d70   0x00000040   Code   RO          706    i.check_receive_finish  usart.o
    0x08011db0   0x08011db0   0x00000038   Code   RO          707    i.crc16             usart.o
    0x08011de8   0x08011de8   0x0000003c   Code   RO          646    i.delay_init        delay.o
    0x08011e24   0x08011e24   0x00000038   Code   RO          647    i.delay_ms          delay.o
    0x08011e5c   0x08011e5c   0x0000004c   Code   RO          648    i.delay_us          delay.o
    0x08011ea8   0x08011ea8   0x0000004c   Code   RO          649    i.delay_xms         delay.o
    0x08011ef4   0x08011ef4   0x0000001c   Code   RO          708    i.fputc             usart.o
    0x08011f10   0x08011f10   0x00000214   Code   RO            3    i.main              main.o
    0x08012124   0x08012124   0x00000006   Code   RO         2979    i.read_addr         usmart.o
    0x0801212a   0x0801212a   0x00000002   PAD
    0x0801212c   0x0801212c   0x000000ac   Code   RO          709    i.uart_init         usart.o
    0x080121d8   0x080121d8   0x000000b0   Code   RO         2980    i.usmart_cmd_rec    usmart.o
    0x08012288   0x08012288   0x000002d4   Code   RO         2981    i.usmart_exe        usmart.o
    0x0801255c   0x0801255c   0x000000c8   Code   RO         3082    i.usmart_get_aparm  usmart_str.o
    0x08012624   0x08012624   0x00000036   Code   RO         3083    i.usmart_get_cmdname  usmart_str.o
    0x0801265a   0x0801265a   0x00000002   PAD
    0x0801265c   0x0801265c   0x000001c0   Code   RO         3084    i.usmart_get_fname  usmart_str.o
    0x0801281c   0x0801281c   0x0000010c   Code   RO         3085    i.usmart_get_fparam  usmart_str.o
    0x08012928   0x08012928   0x00000020   Code   RO         3086    i.usmart_get_parmpos  usmart_str.o
    0x08012948   0x08012948   0x00000044   Code   RO         2982    i.usmart_get_runtime  usmart.o
    0x0801298c   0x0801298c   0x00000028   Code   RO         2983    i.usmart_init       usmart.o
    0x080129b4   0x080129b4   0x00000016   Code   RO         3087    i.usmart_pow        usmart_str.o
    0x080129ca   0x080129ca   0x00000002   PAD
    0x080129cc   0x080129cc   0x00000030   Code   RO         2984    i.usmart_reset_runtime  usmart.o
    0x080129fc   0x080129fc   0x000000bc   Code   RO         2985    i.usmart_scan       usmart.o
    0x08012ab8   0x08012ab8   0x00000016   Code   RO         3088    i.usmart_search_nextc  usmart_str.o
    0x08012ace   0x08012ace   0x000000ca   Code   RO         3089    i.usmart_str2num    usmart_str.o
    0x08012b98   0x08012b98   0x00000022   Code   RO         3090    i.usmart_strcmp     usmart_str.o
    0x08012bba   0x08012bba   0x00000016   Code   RO         3091    i.usmart_strcopy    usmart_str.o
    0x08012bd0   0x08012bd0   0x00000018   Code   RO         3092    i.usmart_strlen     usmart_str.o
    0x08012be8   0x08012be8   0x000006e4   Code   RO         2986    i.usmart_sys_cmd_exe  usmart.o
    0x080132cc   0x080132cc   0x00000004   Code   RO         2987    i.write_addr        usmart.o
    0x080132d0   0x080132d0   0x0000000a   Code   RO         3352    x$fpl$fpinit        fz_wm.l(fpinit.o)
    0x080132da   0x080132da   0x00000002   PAD
    0x080132dc   0x080132dc   0x00000008   Data   RO            4    .constdata          main.o
    0x080132e4   0x080132e4   0x00000028   Data   RO         3184    .constdata          c_w.l(_printf_hex_int.o)
    0x0801330c   0x0801330c   0x00000011   Data   RO         3219    .constdata          c_w.l(__printf_flags_ss_wp.o)
    0x0801331d   0x0801331d   0x00000003   PAD
    0x08013320   0x08013320   0x00000028   Data   RO         2988    .conststring        usmart.o
    0x08013348   0x08013348   0x0000012a   Data   RO         3061    .conststring        usmart_config.o
    0x08013472   0x08013472   0x00000002   PAD
    0x08013474   0x08013474   0x00000020   Data   RO         3416    Region$$Table       anon$$obj.o


    Execution Region RW_IRAM1 (Exec base: 0x20000000, Load base: 0x08013494, Size: 0x00002fd8, Max: 0x00020000, ABSOLUTE, COMPRESSED[0x00000194])

    Exec Addr    Load Addr    Size         Type   Attr      Idx    E Section Name        Object

    0x20000000   COMPRESSED   0x00000004   Data   RW          544    .data               rtc.o
    0x20000004   COMPRESSED   0x00000004   Data   RW          650    .data               delay.o
    0x20000008   COMPRESSED   0x00000210   Data   RW          711    .data               usart.o
    0x20000218   COMPRESSED   0x00000010   Data   RW         1098    .data               stm32f4xx_rcc.o
    0x20000228   COMPRESSED   0x0000001c   Data   RW         2989    .data               usmart.o
    0x20000244   COMPRESSED   0x00000134   Data   RW         3062    .data               usmart_config.o
    0x20000378        -       0x00002800   Zero   RW          710    .bss                usart.o
    0x20002b78        -       0x00000060   Zero   RW         3294    .bss                c_w.l(libspace.o)
    0x20002bd8        -       0x00000000   Zero   RW          764    HEAP                startup_stm32f40_41xxx.o
    0x20002bd8        -       0x00000400   Zero   RW          763    STACK               startup_stm32f40_41xxx.o


==============================================================================

Image component sizes


      Code (inc. data)   RO Data    RW Data    ZI Data      Debug   Object Name

       268         16          0          4          0       2531   delay.o
        64          4          0          0          0        535   led.o
       532        192          8          0          0     335122   main.o
       180         24          0          0          0       2081   misc.o
       586         28          0          4          0       5096   rtc.o
        60         22        392          0       1024        840   startup_stm32f40_41xxx.o
       160         12          0          0          0       1501   stm32f4xx_exti.o
       426         40          0          0          0       4512   stm32f4xx_flash.o
       218          0          0          0          0       2326   stm32f4xx_gpio.o
        26          0          0          0          0       4082   stm32f4xx_it.o
        12          6          0          0          0        534   stm32f4xx_pwr.o
       508         60          0         16          0       6966   stm32f4xx_rcc.o
      1718        114          0          0          0      14370   stm32f4xx_rtc.o
       252         28          0          0          0       6544   stm32f4xx_tim.o
       404          8          0          0          0       4262   stm32f4xx_usart.o
       426         50          0          0          0       3589   stmflash.o
       340         32          0          0          0       1477   system_stm32f4xx.o
       388         42          0        528      10240       5696   usart.o
      3166       1332         40         28          0       8002   usmart.o
         0          0        298        308          0       1556   usmart_config.o
      1328         20          0          0          0       8905   usmart_str.o

    ----------------------------------------------------------------------
     11082       2030        772        888      11264     420527   Object Totals
         0          0         32          0          0          0   (incl. Generated)
        20          0          2          0          0          0   (incl. Padding)

    ----------------------------------------------------------------------

      Code (inc. data)   RO Data    RW Data    ZI Data      Debug   Library Member Name

        90          0          0          0          0          0   __dczerorl2.o
         8          0          0          0          0         68   __main.o
       392          4         17          0          0         92   __printf_flags_ss_wp.o
        14          0          0          0          0         68   __printf_wp.o
         0          0          0          0          0          0   __rtentry.o
        12          0          0          0          0          0   __rtentry2.o
         6          0          0          0          0          0   __rtentry4.o
        52          8          0          0          0          0   __scatter.o
        28          0          0          0          0          0   __scatter_zi.o
         6          0          0          0          0          0   _printf_c.o
        44          0          0          0          0        108   _printf_char.o
        48          6          0          0          0         96   _printf_char_common.o
        36          4          0          0          0         80   _printf_char_file.o
         6          0          0          0          0          0   _printf_d.o
       120         16          0          0          0         92   _printf_dec.o
        88          4         40          0          0         88   _printf_hex_int.o
       178          0          0          0          0         88   _printf_intcommon.o
        78          0          0          0          0        108   _printf_pad.o
         0          0          0          0          0          0   _printf_percent.o
         4          0          0          0          0          0   _printf_percent_end.o
         6          0          0          0          0          0   _printf_s.o
        82          0          0          0          0         80   _printf_str.o
         6          0          0          0          0          0   _printf_u.o
         6          0          0          0          0          0   _printf_x.o
        10          0          0          0          0         68   _sputc.o
        18          0          0          0          0         80   exit.o
         8          0          0          0          0         68   ferror.o
         6          0          0          0          0        152   heapauxi.o
         2          0          0          0          0          0   libinit.o
         6          0          0          0          0          0   libinit2.o
         2          0          0          0          0          0   libshutdown.o
         2          0          0          0          0          0   libshutdown2.o
         8          4          0          0         96         68   libspace.o
        24          4          0          0          0         84   noretval__2printf.o
        40          6          0          0          0         84   noretval__2sprintf.o
         2          0          0          0          0          0   rtexit.o
        10          0          0          0          0          0   rtexit2.o
        74          0          0          0          0         80   sys_stackheap_outer.o
         2          0          0          0          0         68   use_no_semi.o
         2          0          0          0          0         68   use_no_semi_2.o
        10          0          0          0          0        116   fpinit.o

    ----------------------------------------------------------------------
      1546         56         60          0         96       1904   Library Totals
        10          0          3          0          0          0   (incl. Padding)

    ----------------------------------------------------------------------

      Code (inc. data)   RO Data    RW Data    ZI Data      Debug   Library Name

      1526         56         57          0         96       1788   c_w.l
        10          0          0          0          0        116   fz_wm.l

    ----------------------------------------------------------------------
      1546         56         60          0         96       1904   Library Totals

    ----------------------------------------------------------------------

==============================================================================


      Code (inc. data)   RO Data    RW Data    ZI Data      Debug   

     12628       2086        832        888      11360     410647   Grand Totals
     12628       2086        832        404      11360     410647   ELF Image Totals (compressed)
     12628       2086        832        404          0          0   ROM Totals

==============================================================================

    Total RO  Size (Code + RO Data)                13460 (  13.14kB)
    Total RW  Size (RW Data + ZI Data)             12248 (  11.96kB)
    Total ROM Size (Code + RO Data + RW Data)      13864 (  13.54kB)

==============================================================================

